*****************************************************
TMS340 COFF Linker           Version 6.10
*****************************************************
Wed Apr 21 11:42:18 2021

OUTPUT FILE NAME:   <HH.out>
ENTRY POINT SYMBOL: "WARMSET"  address: ff800810


MEMORY CONFIGURATION

           name      origin     length     attributes     fill
         --------   --------   ---------   ----------   --------
         SCRATCH    01000000   0003f7300      RWIX      
         SCRATCH2   013f7300   000008d00      RWIX      
         IROM       02000000   000400000      RWIX      
         ROM        ff800000   0007a0000      RWIX      
         ROM2       ffff6f00   000008d00      RWIX      
         TRAP31     fffffc00   000000400      RWIX      


SECTION ALLOCATION MAP

 output                                  attributes/
section   page    origin      length       input sections
--------  ----  ----------  ----------   ----------------
VECTORS    0    fffffc00    00000400     
                  fffffc00    00000400     HH.OBJ (VECTORS)

IMAGES     0    02000000    00000000     UNINITIALIZED

OFIXED     0    01000000    000004a0     
                  01000000    000004a0     HHD.OBJ (OFIXED)

.BSS       0    010004a0    00000000     UNINITIALIZED

.bss       0    010004a0    003d5aa0     UNINITIALIZED
                  010004a0    00000060     HH.OBJ (.bss)
                  01000500    00000530     HHC.OBJ (.bss)
                  01000a30    001007f0     HHD.OBJ (.bss)
                  01101220    000027d0     HHRAM.OBJ (.bss)
                  011039f0    001772d0     HHPUCK.OBJ (.bss)
                  0127acc0    00008130     HHPLAYER.OBJ (.bss)
                  01282df0    00000040     HHCONTRL.OBJ (.bss)
                  01282e30    000000f0     HHCONTR2.OBJ (.bss)
                  01282f20    000005c0     HHGAME.OBJ (.bss)
                  012834e0    00000260     HHPICK.OBJ (.bss)
                  01283740    000000a0     HHPUP.OBJ (.bss)
                  012837e0    000000b0     HHSCORE.OBJ (.bss)
                  01283890    00000120     HHHIGHER.OBJ (.bss)
                  012839b0    000001b0     HHATTRCT.OBJ (.bss)
                  01283b60    00020040     HHSELECT.OBJ (.bss)
                  012a3ba0    00000110     HHSTATS.OBJ (.bss)
                  012a3cb0    00000040     HHSHOW.OBJ (.bss)
                  012a3cf0    000000f0     HHTIMER.OBJ (.bss)
                  012a3de0    00000020     HHTG.OBJ (.bss)
                  012a3e00    00000040     HHNDRONE.OBJ (.bss)
                  012a3e40    00008670     HHCX.OBJ (.bss)
                  012ac4b0    00000010     HHRSCR.OBJ (.bss)
                  012ac4c0    00000170     HHSPEECH.OBJ (.bss)
                  012ac630    00000010     HHFIX.OBJ (.bss)
                  012ac640    00000030     HHCONTR3.OBJ (.bss)
                  012ac670    00128860     HHSYSTEM.RLO (.bss)
                  013d4ed0    00001070     HHDIAG.RLO (.bss)

.text      0    ff800000    0059f830     
                  ff800000    00006990     HH.OBJ (.text)
                  ff806990    00001330     HHAFUNC.OBJ (.text)
                  ff807cc0    00000140     --HOLE-- [fill = 0000ffff]
                  ff807e00    00001b90     HHC.OBJ (.text)
                  ff809990    00000070     --HOLE-- [fill = 0000ffff]
                  ff809a00    0000d2c0     HHD.OBJ (.text)
                  ff816cc0    00028c40     HHRT.OBJ (.text)
                  ff83f900    0001b010     HHPUCK.OBJ (.text)
                  ff85a910    00001980     HHA.OBJ (.text)
                  ff85c290    00006a10     HHPLAYER.OBJ (.text)
                  ff862ca0    0001c240     HHCONTRL.OBJ (.text)
                  ff87eee0    00010c20     HHCONTR2.OBJ (.text)
                  ff88fb00    00006230     HHGCTRL.OBJ (.text)
                  ff895d30    000000d0     --HOLE-- [fill = 0000ffff]
                  ff895e00    00029620     HHGAME.OBJ (.text)
                  ff8bf420    00024450     HHPICK.OBJ (.text)
                  ff8e3870    00008c70     HHPICK2.OBJ (.text)
                  ff8ec4e0    00005dd0     HHPUP.OBJ (.text)
                  ff8f22b0    000243e0     HHSCORE.OBJ (.text)
                  ff916690    00008510     HHHIGHER.OBJ (.text)
                  ff91eba0    000215a0     HHATTRCT.OBJ (.text)
                  ff940140    000235b0     HHSCR_CH.OBJ (.text)
                  ff9636f0    00004140     HHSCR_FN.OBJ (.text)
                  ff967830    00010880     HHSCR_MS.OBJ (.text)
                  ff9780b0    000068a0     HHSCR_SH.OBJ (.text)
                  ff97e950    000247d0     HHSCRSH2.OBJ (.text)
                  ff9a3120    00018240     HHSCR_SK.OBJ (.text)
                  ff9bb360    00009170     HHSCR_CB.OBJ (.text)
                  ff9c44d0    00008500     HHSELECT.OBJ (.text)
                  ff9cc9d0    000080c0     HHSTATS.OBJ (.text)
                  ff9d4a90    000bcb40     HHSTABLE.OBJ (.text)
                  ffa915d0    00017a00     HHSTABL2.OBJ (.text)
                  ffaa8fd0    00023880     HHSTABL3.OBJ (.text)
                  ffacc850    00013880     HHSTABL4.OBJ (.text)
                  ffae00d0    0000a280     HHSTABL5.OBJ (.text)
                  ffaea350    00003b10     HHSHOW.OBJ (.text)
                  ffaede60    000757c0     HHTIMER.OBJ (.text)
                  ffb63620    00008fd0     HHTG.OBJ (.text)
                  ffb6c5f0    000134d0     HHNDRONE.OBJ (.text)
                  ffb7fac0    000025c0     HHGDRONE.OBJ (.text)
                  ffb82080    0000fe70     HHGSCR.OBJ (.text)
                  ffb91ef0    0001c9a0     HHGSCR2.OBJ (.text)
                  ffbae890    00009920     HHGSCRF.OBJ (.text)
                  ffbb81b0    0000a5e0     HHCX.OBJ (.text)
                  ffbc2790    00007440     HHRSCR.OBJ (.text)
                  ffbc9bd0    00019ce0     HHSPEECH.OBJ (.text)
                  ffbe38b0    0001f780     HHSPECH2.OBJ (.text)
                  ffc03030    0000af80     HHVIDS.OBJ (.text)
                  ffc0dfb0    00001ef0     HHFIX.OBJ (.text)
                  ffc0fea0    0000b3c0     HHCONTR3.OBJ (.text)
                  ffc1b260    000001a0     --HOLE-- [fill = 0000ffff]
                  ffc1b400    00126af0     HHSYSTEM.RLO (.text)
                  ffd41ef0    00000110     --HOLE-- [fill = 0000ffff]
                  ffd42000    000528b0     HHDIAG.RLO (.text)
                  ffd948b0    0000af80     HHSCRCHF.OBJ (.text)

.TEXT      0    ff800000    00000000     UNINITIALIZED

.data      0    ffd9f830    001f2a70     
                  ffd9f830    000021c0     HHPUCK.OBJ (.data)
                  ffda19f0    00000990     HHPLAYER.OBJ (.data)
                  ffda2380    000005a0     HHCONTRL.OBJ (.data)
                  ffda2920    000027f0     HHCONTR2.OBJ (.data)
                  ffda5110    00000b40     HHGAME.OBJ (.data)
                  ffda5c50    00004c80     HHPICK.OBJ (.data)
                  ffdaa8d0    00000360     HHPICK2.OBJ (.data)
                  ffdaac30    00000b40     HHPUP.OBJ (.data)
                  ffdab770    00005e40     HHSCORE.OBJ (.data)
                  ffdb15b0    00005240     HHATTRCT.OBJ (.data)
                  ffdb67f0    00010400     HHSCR_CH.OBJ (.data)
                  ffdc6bf0    00006430     HHSCR_MS.OBJ (.data)
                  ffdcd020    00007ab0     HHSCRSH2.OBJ (.data)
                  ffdd4ad0    00012d20     HHSCR_SK.OBJ (.data)
                  ffde77f0    00003190     HHSCR_CB.OBJ (.data)
                  ffdea980    00001440     HHSTATS.OBJ (.data)
                  ffdebdc0    00004c80     HHSTABLE.OBJ (.data)
                  ffdf0a40    0000d530     HHSTABL2.OBJ (.data)
                  ffdfdf70    00021470     HHSTABL3.OBJ (.data)
                  ffe1f3e0    0000e100     HHSTABL4.OBJ (.data)
                  ffe2d4e0    00007500     HHSTABL5.OBJ (.data)
                  ffe349e0    000021c0     HHTIMER.OBJ (.data)
                  ffe36ba0    00004020     HHTG.OBJ (.data)
                  ffe3abc0    00011c60     HHGSCR.OBJ (.data)
                  ffe4c820    0000e040     HHGSCR2.OBJ (.data)
                  ffe5a860    00007360     HHRSCR.OBJ (.data)
                  ffe61bc0    00014c30     HHVIDS.OBJ (.data)
                  ffe767f0    00004770     HHCONTR3.OBJ (.data)
                  ffe7af60    000fc880     HHSYSTEM.RLO (.data)
                  fff777e0    0001aac0     HHDIAG.RLO (.data)

.DATA      0    ff800000    00000000     UNINITIALIZED


GLOBAL SYMBOLS

address  name                             address  name
-------- ----                             -------- ----
010004a0 .bss                             00000005 SELECT_FLASHES
ffd9f830 .data                            00000014 TEAM_SELECT_PRETIMEOUT
ff800000 .text                            0000001f FACTORY_MINVOL
ffdd93f0 AA11F05                          0000003f FACTORY_VOLUME
ffde67b0 AA14F01                          000001c0 IDATALEN
ffde7240 AA15F04                          00024b80 xzy_offset
ffdd9c10 AA22F02                          01000000 FGLIST
ffdd8d70 AA53F03                          01000040 SUPPLSTS
012af700 ACTIVE                           01000440 SUPPLSTSX
ffd7a930 ADD_DUMP                         01000440 OFREE
ff811680 ADD_OFF2ANIP                     01000460 ENDOFREE
fff5c840 ALLBORD5                         01000480 ANIOBJS
ff9c4d80 ALLOCATE_ALT_HEAD_PALS           010004a0 .bss
ffbb0dc0 ALL_IGNORE_PUCK                  010004d0 SWITCH_ESCAPE
ffa8df00 ALPHA_CITY_REMAP_TABLE           010004e0 SWITCH_SPOKEN
ffa8e0a0 ALPHA_CITY_TABLE                 01000520 bog_cpu
fff62460 ANAHEIM1P                        01000530 bog_dma
fff14a60 ANDREYC3P                        01000540 small_timer_on
ff809520 ANI                              01000550 scbox1
01000c80 ANIFUNCS                         010005b0 scbox2
010070a0 ANIFUNCSX                        01000610 sct1
ff8085f0 ANIMP                            01000670 sct2
ffb91510 ANIM_GSMACK                      010006d0 scper
ffb91310 ANIM_GSWAY                       01000730 sct1s1
01000480 ANIOBJS                          010008b0 scmintens
ffd4ad40 ANY_BUT                          01000a30 rink_on
fff20b90 ARNOTT3P                         01000a40 anipllist
ff8e2630 ARROW_IMG_TABLE                  01000a60 panim_ok
ff8e2540 ARROW_PTR_INIT                   01000a70 panim_list1
ff801c40 ATSTRT_CREDITS                   01000b70 panim_list2
ff801d00 ATSTRT                           01000c70 stupid
ff801c00 ATSTRT_CREDITS_NOCPJ             01000c80 ANIFUNCS
ff801cc0 ATSTRT_TOPTEN                    010070a0 DMATMP
ff91ebc0 ATTRACT_MODE                     010070a0 ANIFUNCSX
ff91eba0 ATT_MODE_TOPTEN                  010070b0 DMALFT
ffd79a80 AUD                              010070c0 DMAAVG
ffd79b70 AUD1                             010070e0 SCROLLX
ff806a50 A_2FUNCS                         01007100 SCROLLY
ff806a10 A_3FUNCS                         01007120 WORLDX
ff8069d0 A_4FUNCS                         01007140 WORLDY
ff806990 A_5FUNCS                         01007160 SCRNTL
ff813dc0 A_ANIMFRM                        01007180 SCRNBR
ff813d50 A_ANIMGO                         010071a0 OFREECNT
ff813e10 A_ANIMSCR                        010071c0 OBJSTR
ff806f10 A_Anim_DSJ                       010cd8c0 DMAQCUR
ffd25500 A_CHANGE_PAL                     010cd8c0 OBJSTRX
ffbae970 A_CHECK_ABORT_KO                 010cd8e0 DMAQ
ffbb45d0 A_CHECK_BUTTERFLY                010e04e0 QDMAFLG
ffbb1b50 A_CHECK_DEFLECT                  010e04f0 DISPLAYON
ffbaf960 A_CHECK_FACEOFF                  010e0500 DMAIQSTR
ffbafa20 A_CHECK_FRUST                    01101200 INVELADD
ffbb48d0 A_CHECK_GETUP                    01101210 rinkpal
ffbb5820 A_CHECK_HIBLOCK                  01101220 DMACFIGCOPY
ffbaed80 A_CHECK_KO_SLIDE                 01101240 NOAUTOE
ffbaecc0 A_CHECK_KO_X_LIMIT               01101250 RAMTEMP1
ffbaf620 A_CHECK_LOOKFAR                  01101270 RAMTEMP2
ffbaf5a0 A_CHECK_LOOKNEAR                 01101290 RAMTEMP3
ffbae890 A_CHECK_RSMOTH                   011012b0 RAND
ffbb7a20 A_CHECK_SKATEBLOCK               011012d0 SWSTACK
ffbb0ff0 A_CHECK_SPASS                    011012f0 SWTEMP1
ffbb5580 A_CHECK_STICKBLOCK               01101310 SWTEMP2
ffbb0390 A_CLRFOFFS                       01101330 SW2TEMP1
ffbaf520 A_CLRVELS                        01101350 SW2TEMP2
ff807920 A_CLR_OXZVEL                     01101370 SWSTMN
ff806ad0 A_DO_SOUND                       01101470 MISCOUT_COPY
ffbb17c0 A_FREEZE_PUCK                    01101470 SWSTST
ffbb0450 A_GPASS_DONE_1                   01101480 PAGE
ffbb1980 A_GSCRIPT_DONE                   01101490 PAGEADDR
ffbafe70 A_GSMOTHER                       011014b0 CPULOW
ffbb72f0 A_HOOK_DOWN                      011014c0 CPUHI
ffbafcf0 A_INBACK                         011014d0 CPULEFT
ffbafd10 A_INFRONT                        011014e0 CPUAVG
ffbb0840 A_LOSE_PUCK                      011014f0 SKIPDISP
ffbb1880 A_NOPUCKCHECK                    01101500 NOPGFLIP
ffbb21f0 A_POKE                           01101510 COUNTER_COPY
ffbb80e0 A_QPADST                         01101520 SOUND_COPY
ff8077b0 A_RAND_ANIMSLP                   01101530 PALRAM
ff806b40 A_RAND_BRANCH                    01101530 FPALRAM
ff806c10 A_RAND_JUMP                      01103530 COLRTEMP
ff807230 A_RAND_REL_BYTE                  01103630 COLRTEND
ffbb0ea0 A_RESET_WACK                     01103630 NewAECol
ff86fd40 A_SCRIPT_DONE                    01103650 OldAECol
ffbb0270 A_SETCOLL                        01103670 NewGNDCol
ffbb02e0 A_SETFOCIS                       01103690 OldGNDCol
ffbb1900 A_SETPUCKCHECK                   011036b0 SKYCOLOR
ff806eb0 A_SET_ANIMLOOP                   011036c0 GROUNDCOLOR
ffbaeb00 A_SET_KO                         011036d0 IRQSKYE
ff807980 A_SET_OXVEL                      011036e0 IRQGNDE
ff807870 A_SET_OXZVEL                     011036f0 NPLAYERS
ff807a30 A_SET_OYVEL                      01103700 GAME_STATE
ffbafbf0 A_SET_SKATE_SLEEP                01103710 VOLUME_SET
ffbb05a0 A_SPASS_DONE_1                   01103720 SUPRESS_PAGE_FLIP
ffbb6890 A_THROW_UP                       01103730 GRAMSTRT
ffbaf890 A_WAIT_FACEOFF                   01103730 CURPLYRS
01283770 BABY_SIZE                        01103740 PLAYER_BITS
013d5230 BAD_AUD                          01103750 PLAYERLBITS
fff3af50 BARMS01P                         01103760 SOUNDSUP
fff3b360 BARMT01P                         01103770 GAMERASE
fff6d3e0 BARPAL0                          01103780 DIAG_DFLAG
fff72e00 BCOLOmsk1                        01103790 LAST_PLAYER_BITS
fff14e70 BEAUPRE3P                        011037a0 BLACKOUT
fff20f80 BELANGE3P                        011037b0 DISPATCH_DELAY
fff1bed0 BELFOUR3P                        011037c0 WAVEDISPS
fff5f7e0 BGBRSTP                          011037d0 WAVEIRQS
fff710f0 BGFOLEY1P                        011037f0 GTIMES1
01283750 BIG_PUCK                         01103810 GTIMEP1
ffd88a10 BINBCD                           01103830 GTIMET1
ffdebdc0 BLACKHIT                         01103850 GTIMES2
011037a0 BLACKOUT                         01103870 GTIMEP2
012ad700 BLACKPAL                         01103890 GTIMET2
ffd45410 BLASTMESS                        011038b0 GTIMES5
fff61e40 BLCKHWK2P                        011038d0 GTIMEP5
ffd23a10 BLNKAREA                         011038f0 GTIMET5
ffd501a0 BLNKHELP                         01103910 GTIMES6
fff71e00 BLOGO101P                        01103930 GTIMEP6
fff725f0 BLOGO201P                        01103950 GTIMET6
fff76030 BLUBARA2P                        01103970 GOALIE_CONTROL_4
ffee7510 BLUEHELM1                        01103980 GOALIE_CONTROL_8
ffdebe50 BLUESIT                          01103990 STARTSW
01283680 BLUE_MUG_BGND_OBJ                011039a0 game_frozen
ff8c95e0 BLUFRMP                          011039b0 INTADDR
ff884850 BLUTRBOP                         011039b0 GRAMEND
ffeb2a50 BLUTXT3P                         011039d0 LASTINT
ffeb2a50 BLUTXT5P                         011039f0 PUCK_OBJECT
fff3b770 BOBMC01P                         01103a10 PUCK_SHADOW
fff25fa0 BODGER3P                         01103a30 PUCK_CONTROL
fff15280 BONDRA3P                         01103a40 PUCK_CONTROL_START
fff22b90 BONKA3P                          01103a60 PUCK_LAST_CONTROL
fff3bb80 BOOME01P                         01103a70 PUCK_INTENDED
fff3bf90 BOOMM01P                         01103a80 NO_PUCK_SLOW
fff62670 BOSTON1P                         01103a90 PUCK_OPEN_CONTROL_TIME
fff12230 BOURQUE3P                        01103aa0 PUCK_OPEN_LAST_TIME
fff0cdd0 BRADLEY3P                        01103ab0 PUCK_MODE
fff0d1e0 BRINDAM3P                        01103ac0 PUCK_MODE_2
fff1c2e0 BRODEUR3P                        01103af0 outlaw_puck
fff62880 BUFFALO1P                        01103b00 outlaw_puck2
fff0fe00 BURE3P                           01103b10 trigger_puck_sound
fff1b2b0 BURKE3P                          01103b20 puck_owner_data
ffd611e0 BURNIN                           01103b60 puck_owner_pointer
fff71c40 BXLT01P                          01103b80 not_free_receiver
ffd4c500 B_MENU                           01103bb0 goal_pass
fff62a90 CALGARY1P                        01103be0 track_puck_data
fff27ba0 CAREY3P                          0127abe0 track_puck_pointer
fff3c3a0 CARMJ01P                         0127ac00 bhit_dest_time
fff26b90 CASEY3P                          0127ac20 PUCK_NEWDIR_TIME
fff1b6b0 CASSELS3P                        0127ac40 killtrails
ffd7ff60 CAT_A0                           0127ac50 show_puck_on_fire
ffd81240 CCOIN                            0127ac60 puck_control_blink
ff8ca6c0 CENTER_ICE_BGND                  0127ac70 SHOT_ATTEMPTS
fff593e0 CGRP1P                           0127ac80 SHOTIRQ
ff8c7a60 CHALNEED_MESSAGE_ANIM            0127aca0 GOALIE_MISS
ff8153b0 CHANGE_OID_MULTI                 0127acb0 FIVE_HOLE
ff815350 CHANGE_OID                       0127acc0 PLAYER_1_BLOCK
ff815490 CHANGE_OIDS                      0127bcc0 PLAYER_2_BLOCK
ffd257c0 CHANGE_PAL_MULTI                 0127ccc0 PLAYER_3_BLOCK
ffd256b0 CHANGE_PAL                       0127dcc0 PLAYER_4_BLOCK
ffd6a730 CHECKDIPFREE                     0127ecc0 PLAYER_5_BLOCK
ffd80df0 CHECKFREE                        0127fcc0 PLAYER_6_BLOCK
ffb66a60 CHECK_BUTTON_ABORT               01280cc0 PLAYER_7_BLOCK
ff918b80 CHECK_STANCUP_GAME               01281cc0 PLAYER_8_BLOCK
ffe0d160 CHELIO11                         01282cc0 pass_our_blue_status
ffe0d1d0 CHELIO12                         01282cd0 pass_receiver_1_number
ffe0d240 CHELIO13                         01282ce0 pass_receiver_1_status
ffe0d2b0 CHELIO14                         01282cf0 pass_receiver_1_angle
ffe0d320 CHELIO15                         01282d10 pass_receiver_1_object
ffdf0a40 CHELIOS1                         01282d30 pass_receiver_2_number
fff0b570 CHELIOS1P                        01282d40 pass_receiver_2_status
ffe0ce50 CHELIO_2                         01282d50 pass_receiver_2_angle
ffe0cec0 CHELIO_3                         01282d70 pass_receiver_2_object
ffe0cf30 CHELIO_4                         01282d90 pass_receiver_3_number
ffe0cfa0 CHELIO_5                         01282da0 pass_receiver_3_status
ffe0d010 CHELIO_7                         01282db0 pass_receiver_3_angle
ffe0d080 CHELIO_8                         01282dd0 pass_receiver_3_object
ffe0d0f0 CHELIO_9                         01282df0 no_control
fff1bac0 CHEVELD3P                        01282e00 global_control_slow
fff5e790 CHICORN1                         01282e20 whack_goalie_count
ffa8ef30 CHIC_NICK_STR                    01282e30 global_shot_percentage
fff20780 CICCARE3P                        01282e70 time_score_left
ffd77e70 CIRCLE                           01282e90 time_score_right
fff4f230 CIRCLERP                         01282ec0 hot_player
ffeac3a0 CIRCLER                          01282ef0 just_now_on_fire
fff6b7a0 CITYBLUEP                        01282f00 hot_goals
fff6b6c0 CITYPURPP                        01282f20 team1
fff69190 CITYP                            01282f30 team2
ffd4b290 CKDIAG                           01282f40 TEAM1_SWAP
ffd8d400 CKDIP                            01282f50 TEAM2_SWAP
ff813430 CKINSANI                         01282f60 team1_home
ff8138f0 CKPULLANIM                       01282f70 team2_home
fff15640 CLARK3P                          01282f80 team1_score_P1
ffd24a60 CLEAR_PAGE2                      01282f90 team1_score_P2
ffd24bd0 CLEAR_PAGE3                      01282fa0 team1_score_P3
fff21b80 CLEMIEU3P                        01282fb0 team1_score
fff746f0 CLPWHST1P                        01282fc0 team2_score_P1
ffd24760 CLRBLOCK                         01282fd0 team2_score_P2
ff809a00 CLRDMAQ                          01282fe0 team2_score_P3
ffd25d50 CLRFPAL                          01282ff0 team2_score
ff80f7b0 CLRODATA                         01283000 period
ffd25b30 CLRPAL                           01283010 lgoalF_object
ffd3b970 CLRTEXT                          01283030 lgoalR_object
ff8152f0 CLRVEL                           01283050 rgoalF_object
ffd25320 CLR_0PALS                        01283070 rgoalR_object
ffd798e0 CLR_AUDR                         01283090 ledge_object
ffd79bf0 CLR_AUD                          012830b0 redge_object
ff80f810 CLR_ODATA                        012830d0 ledge2_object
ffd24880 CLR_SCRN                         012830f0 redge2_object
ff815250 CLR_VEL                          01283110 world_mt_point
ff802e40 CLSCRACH                         01283240 plwatch
ffd7a790 CMOSLOCK                         01283250 puck_op
ffd7a780 CMOSUNLOCK                       01283260 hold_net_anim
ffd79ca0 CMOS_VAL                         01283270 record_data
ff812260 CNTMPART                         012833b0 record_data_pointer
fff73ee0 COACHP                           012833e0 HELP_WINDOW_COUNT
fff20370 COFFEY3P                         012833f0 SHOW_START_SHIT
fff75410 COILOGO1P                        01283400 edge_28_piece
013d5430 COINFLAG                         01283420 back_wall_script
ffd84a10 COININT                          01283440 edge_28_script
fff775e0 COLORAD2P                        01283460 teampal1
ffd678d0 COLORBAR                         01283480 teampal2
ffd3c020 COLOR_START                      012834a0 all_beaten_bits
ffa8ed08 COLO_NICK_STR                    012834d0 side_brightness
01103530 COLRTEMP                         012834f0 TEAM_SELECT_BITS
01103630 COLRTEND                         01283680 BLUE_MUG_BGND_OBJ
ffd4c2d0 COL_INST                         012836c0 RED_MUG_BGND_OBJ
012837b0 COMP_ASS_OFF                     012836e0 TIMER_DIGIT_OBJ
ffd67690 CONV_PLOT                        01283700 TIMES_UP
fff615e0 COOLGP16                         01283710 RANDOM_ENABLE_BITS
fff3c7b0 COOMS01P                         01283718 LOCKED_CHAR_BITS
ff9c4bf0 COPY_HEAD_PALS                   01283740 TOURN_MODE
ff814ec0 COPY_OBJ                         01283750 BIG_PUCK
fff1eb50 CORKUM3P                         01283760 DARK_RINK
fff3cbc0 CORMS01P                         01283770 BABY_SIZE
fff15a50 CORSON3P                         01283790 UNLIM_CHECK
fff24bd0 COTE3P                           012837a0 UNLIM_TURBO
ff8caf30 COUNTDOWN_TABLE                  012837b0 COMP_ASS_OFF
01101510 COUNTER_COPY                     012837c0 SUPER_GOALIE
ffd7c2f0 COUNTER_OFF                      012837d0 TOP_DISP_OFF
ffd7c1e0 COUNTER_ON                       012837e0 has_scored
ff8a3130 COUNT_PLAYER_BITS                012837f0 scored_by
fff3cfd0 COXMP01P                         01283800 assist_by
fff74ef0 CPLAY1P                          01283810 team_scored
011014e0 CPUAVG                           01283820 VIDCLIP_PLAYER
011014c0 CPUHI                            01283830 VIDCLIP_TIME
011014d0 CPULEFT                          01283850 VIDCLIP_TYPE
011014b0 CPULOW                           01283860 FIRE_GOAL
ffd45030 CPU_RET                          012838b0 faceoff_1
ff815030 CREATE_COPY                      012838d0 faceoff_2
ff813ec0 CREATE_OBJ                       012838f0 taps_ok
ffd7c5d0 CREDIT_JUMP2                     01283960 faceoff_time
012839c0 CREDIT_PAGE_JUMPS                01283980 faceoff_type
ffd7c630 CREDIT_SCREEN                    012839b0 in_at_game
ffd828d0 CRED_P                           012839c0 CREDIT_PAGE_JUMPS
ffd80d40 CRED_STRING                      012839d0 amode_starting_point
ff897440 CROWD_NOISE_PROC                 01283b20 sound_store_t1
ffd83270 CR_BOTH                          01283b30 sound_store_c1
ffd83670 CR_CONTP                         01283b40 sound_store_c2
ffd834d0 CR_STRTP                         01283b50 sound_store_fp
ffe767f0 CSECS01                          01283b60 player_1_turbopal
ffe77690 CSECS010c                        01284b60 player_2_turbopal
ffe77720 CSECS011c                        01285b60 player_3_turbopal
ffe76880 CSECS02                          01286b60 player_4_turbopal
ffe76910 CSECS03                          0129fb60 player_1_headpal_alt
ffe769a0 CSECS04                          012a3b60 team_1_vidpal
ffe76a30 CSECS05                          012a3cb0 skate_sound_type
ffe77450 CSECS06c                         012a3cc0 last_corner_vel
ffe774e0 CSECS07c                         012a3ce0 goalpost_holding
ffe77570 CSECS08c                         012a3cf0 minutes
ffe77600 CSECS09c                         012a3d00 tenseconds
ffe76ac0 CSECS12                          012a3d10 seconds
ffe76b50 CSECS13                          012a3d20 tenths
ffe76be0 CSECS14                          012a3d30 timer_ok
ffe76c70 CSECS15                          012a3d40 timer_on
ffe76d00 CSECS16                          012a3d50 rinkpallist
ffe76d90 CSECS17                          012a3df0 SLIDE_OFF_COUNT
fff75000 CSTICK1P                         012a3e00 drone_level_t1
ffd888c0 CS_POINT                         012a3e10 drone_level_t2
01103730 CURPLYRS                         012a3f40 match_b_initial1
ffd3cc90 CYCLE16                          012a3f50 match_b_initial2
ffd3d1f0 CYCLE16_1                        012a3f60 match_b_initial3
ffd3d610 CYCLE1                           012a3f70 match_b_month
fff680c0 CYCLEGLP3                        012a3f80 match_b_day
ff810c40 C_CHANGE_PAL                     012a3f90 b_initial1
ff810bf0 C_STRTANIM                       012a3fa0 b_initial2
fff3d3e0 DABMB01P                         012a3fb0 b_initial3
fff10200 DAHLEN3P                         012a3fc0 b_month
fff15e60 DAIGLE3P                         012a3fd0 b_day
fff62ca0 DALLAS1P                         012a3fe0 b_teamsbeat
fff12630 DAMPHOS3P                        012a4000 b_nextteam
01283760 DARK_RINK                        012a4010 b_wins
fff3d7f0 DAVMM01P                         012a4020 b_losses
fff3dc00 DAVMW01P                         012a4030 b_ties
ffd810c0 DBVCOIN                          012a4040 b_lastteam1
ff9c4f30 DEALLOCATE_ALT_HEAD_PALS         012a4050 b_lastteam2
ffd2fab0 DEBUG_SNDRST                     012a4060 b_teammate_initial1
ff810360 DELETE_OBJ_PROC                  012a4070 b_teammate_initial2
ff810360 DELETE_OBJ                       012a4080 b_teammate_initial3
ffd25880 DELETE_PAL                       012a4090 b_opp1_initial1
ff810580 DELOBJ                           012a40a0 b_opp1_initial2
ffd25900 DELPAL                           012a40b0 b_opp1_initial3
fff233a0 DESJARD3P                        012a40c0 b_opp2_initial1
fff62ea0 DETROIT1P                        012a40d0 b_opp2_initial2
fff3e010 DEVMS01P                         012a40e0 b_opp2_initial3
ffd61380 DIAGCPUTEST                      012a40f0 b_last_score1
01103780 DIAG_DFLAG                       012a4100 b_last_score2
ffd43d90 DIAG                             012a4110 b_dronemod
ffd787a0 DIAG_SRT_CLR                     012a4120 b_game_count_last
ffd85310 DICT_LOOKUP                      012a4180 b_rank
ffd44990 DIGSRT                           012ab9b0 toprecords
fff8aa60 DIPCOINTAB                       012abc30 mostrecords
ff801ab0 DIPINIT                          012abeb0 pctrecords
ffd67de0 DIPTEST                          012ac3b0 stanley_data
fff614d0 DISCLAI2P                        012ac4b0 ref_size
fff6e4b0 DISCLAIMP                        012ac5c0 last_dne
011037b0 DISPATCH_DELAY                   012ac630 cdronemod
ffd7adc0 DISPDUMP                         012ac640 glass_hit
ff809b00 DISPLAY                          012ac650 glass_break
010e04f0 DISPLAYON                        012ac660 glass_break_now
ff8cb090 DISPLAY_CREDIT_PROC              012ac670 MAX_PALXFERS
ff9cc9d0 DISPLAY_INTERMISSION_PAGE        012ad6e0 FREEPALCNT
ffb68e60 DISPLAY_TEAM_GRAPHICS            012ad6f0 WHITE_FLAG
ff8ea3d0 DISPLAY_UPDATED_RECORDS          012ad700 BLACKPAL
ff808350 DISPNEXT_FG                      012af700 ACTIVE
ffd31420 DIV                              012af720 FREE
010070c0 DMAAVG                           012af740 PACTIVE
01101220 DMACFIGCOPY                      012af760 LASTPROC
ff808200 DMAINT                           012af780 THISPROC
010e0500 DMAIQSTR                         012af7a0 THISWAKE
010070b0 DMALFT                           012af800 PFREECNT
010cd8c0 DMAQCUR                          012af820 TIMER
ffd24330 DMAQWAIT                         012af830 LAST_TIMER
010cd8e0 DMAQ                             013cf840 track_0_pri
010070a0 DMATMP                           013cf850 track_0_time
ffd242e0 DMAWAIT                          013cf860 track_0_last
ffd3e530 DONTFADE                         013cf870 track_0_volume
ffd8df80 DO_ADJH                          013cf880 track_1_pri
ff8e7460 DO_BUY_IN                        013cf890 track_1_time
ffb7fac0 DO_GOALIE_DRONE_LOGIC            013cf8a0 track_1_last
ffd23b70 DRAWBOX_OBJ                      013cf8b0 track_1_volume
ffe7a270 DS01                             013cf8c0 track_2_pri
ffe7a300 DS02                             013cf8d0 track_2_time
ffe7a390 DS03                             013cf8e0 track_2_last
ffe7a420 DS04                             013cf8f0 track_2_volume
ffe7a4b0 DS05                             013cf900 track_3_pri
ffe7a540 DS07                             013cf910 track_3_time
ffe7a5d0 DS08                             013cf920 track_3_last
ffe7a660 DS10                             013cf930 track_3_volume
ffd77b40 DSCRCLR                          013cf940 track_4_pri
ffe7a6f0 DSIDEB14                         013cf950 track_4_time
ffe7a780 DSIDEB16                         013cf960 track_4_last
ffe7a810 DSIDEB18                         013cf970 track_4_volume
ffe7a8a0 DSIDEB20                         013cf980 track_5_pri
ffe7a930 DSIDEB22                         013cf990 track_5_time
ffe7a9c0 DSIDEB24                         013cf9a0 track_5_last
ffe7aa50 DSIDEB25                         013cf9b0 track_5_volume
ffe7aae0 DSIDEB27                         013cf9c0 last_track_used
ffe7ab70 DSIDEB28                         013cf9d0 current_tune
ffd3ba40 DUMCOLL                          013cf9e0 puck_ice_track
ffd3ba10 DUMCRETS                         013cf9f0 puck_bounce_track
ff805ab0 DUMDIE                           013cfa00 ice_skate_track
ffd3ba70 DUMPPRINT                        013cfa10 organ_track
ffd7a7a0 DUMP_FS                          013cfa20 crowd_track
ffd3bb60 DUMP_IT                          013cfa30 tune_address_1
ff802280 DUMRETS                          013cfa50 tune_address_2
fff6c090 EASTFLGP                         013cfa70 tune_address_3
ff80d830 EASYMAKE                         013cfa90 tune_address_4
fff3e410 EDDMB01P                         013cfab0 tune_address_5
fff62fb0 EDMONTO1P                        013cfda0 SOUND_RX
01000460 ENDOFREE                         013cfdb0 raw_sound_buffer
ffd2d7a0 END_INTERMISSION_TUNE            013d3c30 raw_sound_pointer
fff3e820 ERLMN01P                         013d3cd0 STRNGRAM
fff4d900 EVILM01P                         013d3eb0 STRINGF_RAM
ff800c30 EXEC_LP                          013d4e70 STRING1
ff815c70 EXISTOBJ                         013d4e90 STRING2
ff815a30 EXISTOBJ_ALL                     013d4eb0 STRING3
ffd28c60 EXISTP                           013d4fb0 LASTCOLOR
ffd28be0 EXISTP_ALL                       013d4ff0 SWSET1
ff815ab0 EXIST_OBJ_ALL                    013d5010 SWSET2
0000001f FACTORY_MINVOL                   013d5090 FORCEDIP
0000003f FACTORY_VOLUME                   013d5230 BAD_AUD
ffd7a460 FAC_SET                          013d5430 COINFLAG
ffd3e5a0 FADEBLAK                         013d5440 GAMEUNITS
ffd3e620 FADEBLAK_TEXT                    013d5470 OCTO_FLAG
ffd3e930 FADEFULL_TEXT                    013d5480 NEWCRED
ffd3ede0 FADEINF                          013d5790 _man_date
ffd3ea10 FADEIN                           013d57b0 _serial_number
ffd3ee50 FADEINS                          013d5a30 message_buffer
ffd3eb90 FADEIN_ALLBUT1                   013d5cb0 message_buffer2
ffd3ef20 FADEIN_TEXT                      013d5f30 octopus_count
ffd3f1c0 FADEOUT                          013d5f40 end
ffd3f300 FADEOUTF                         ff800000 .text
ffd3f370 FADEOUTS                         ff8003a0 POWERUP
ffd3f2a0 FADEOUT_ALLBUT1                  ff800810 WARMSET
ffd3f3e0 FADEOUT_TEXT                     ff800810 POWERRET
ffd3fcb0 FADE_256_BLAK                    ff800810 SETUP
ffd3fcf0 FADE_256_IN                      ff8009b0 PCMOSRET
ffd3ff90 FADE_64_BLAK                     ff800b90 MAIN_GO
ffd3ff50 FADE_64_IN                       ff800c30 EXEC_LP
ffd3f4c0 FADE_FULL2HALF                   ff801420 MAIN_INIT
ffd3f530 FADE_FULL2HALFf                  ff801ab0 DIPINIT
ffd3f150 FADE_HALF2BLAK                   ff801c00 ATSTRT_CREDITS_NOCPJ
ffd3f070 FADE_HALF2FULLf                  ff801c40 ATSTRT_CREDITS
ffd3f000 FADE_HALF2FULL                   ff801cc0 ATSTRT_TOPTEN
ffd3ec00 FADE_ONE                         ff801d00 ATSTRT
ffd3faa0 FADE_ONLY                        ff802280 DUMRETS
ffd3e440 FADE_WAIT                        ff802290 WIPEOUT
fff2f8e0 FAUJP                            ff802740 WIPEOUT_NOVIDEO_NOPROCESS
fff3ec30 FAUMJ01P                         ff8028b0 WIPEOUT_NOVIDEO
fff4f020 FBOOM1                           ff802c00 KILL_DESTRUCTIBLES
fff3f040 FDNMJ01P                         ff802e40 CLSCRACH
fff1c6f0 FEDEROV2P                        ff802f00 GRAMINIT
fff3f450 FEDMB01P                         ff803090 IAUTOE
fff223a0 FERARRO3P                        ff805ab0 DUMDIE
fff3f860 FERME01P                         ff8067d0 INITDATA
01000000 FGLIST                           ff806990 A_5FUNCS
ffddd8c0 FI11F07                          ff8069d0 A_4FUNCS
ffdddda0 FI12F08                          ff806a10 A_3FUNCS
ffdde010 FI13F04                          ff806a50 A_2FUNCS
ffdde420 FI14F01                          ff806ad0 A_DO_SOUND
ffdde4f0 FI14F03                          ff806b40 A_RAND_BRANCH
ffdde5c0 FI14F04                          ff806c10 A_RAND_JUMP
ffdde760 FI14F07                          ff806eb0 A_SET_ANIMLOOP
ffddec40 FI15F06                          ff806f10 A_Anim_DSJ
ffd239b0 FILLAREA                         ff807230 A_RAND_REL_BYTE
ff80eb40 FINDOID                          ff8077b0 A_RAND_ANIMSLP
ffd25970 FINDPAL                          ff807870 A_SET_OXZVEL
ff812bc0 FINDPART                         ff807920 A_CLR_OXZVEL
ff894970 FIND_PLAYER_CLOSER_TO_GOALIE     ff807980 A_SET_OXVEL
ff850b10 FIREBALL_INIT                    ff807a30 A_SET_OYVEL
01283860 FIRE_GOAL                        ff807e00 PutPlanes
fff16270 FISET3P                          ff808200 DMAINT
0127acb0 FIVE_HOLE                        ff808350 DISPNEXT_FG
fff76dd0 FLASHA01P                        ff8085f0 ANIMP
fff4ea00 FLASHP                           ff809290 PULLANIMFUNC
fff10610 FLEURY4P                         ff809400 maybe_ani
fff6aae0 FLOATRCP                         ff809520 ANI
fff631c0 FLORIDA4P                        ff809a00 CLRDMAQ
ffea7eb0 FONT100                          ff809b00 DISPLAY
ffea7ac0 FONT101                          ff80ac60 VELADD
ffea7b30 FONT102                          ff80b050 game_set_worldy
ffea7ba0 FONT103                          ff80b1d0 SCALE_MAMA
ffea7c10 FONT104                          ff80c560 SET_SCALE_SCRNOBJ
ffea7c80 FONT105                          ff80c8b0 SET_SCALEM
ffea7cf0 FONT106                          ff80cb50 MULTIMAKE
ffea7d60 FONT107                          ff80d830 EASYMAKE
ffea7dd0 FONT108                          ff80de90 GET_SCALED_SIZE
ffea7e40 FONT109                          ff80dfb0 QDMAN
ffea0e00 FONT150                          ff80e350 QDMAN2
ffea0e90 FONT151                          ff80e380 QDMA2
ffea0f20 FONT152                          ff80e800 YZSORT
ffea0fb0 FONT153                          ff80eb40 FINDOID
ffea1040 FONT154                          ff80ec10 OINIT
ffea10d0 FONT155                          ff80f210 IsAnObj
ffea1160 FONT156                          ff80f3c0 GETOBJ
ffea11f0 FONT157                          ff80f7b0 CLRODATA
ffea1280 FONT158                          ff80f810 CLR_ODATA
ffea1310 FONT159                          ff80f930 INSERT_SCREEN_OBJ_noani
ffea5910 FONT15COLON                      ff80fa70 INSERT_SCREEN_OBJ
ffea60f0 FONT15PER                        ff80fbe0 INSERT_OBJ
ffeac280 FONT17CRCLR                      ff80fdf0 INSOBJ
ffeabf00 FONT18QUE                        ff810110 PULL_OBJ
ffea4720 FONT50                           ff810360 ZAP_OBJ
ffea3610 FONT510                          ff810360 DELETE_OBJ_PROC
ffea3220 FONT511                          ff810360 DELETE_OBJ
ffea3290 FONT512                          ff810580 DELOBJ
ffea3300 FONT513                          ff810580 ZAPOBJ
ffea3370 FONT514                          ff810860 FPSTFOBJ0
ffea33e0 FONT515                          ff810950 STFOBJ0
ffea3450 FONT516                          ff810bf0 C_STRTANIM
ffea34c0 FONT517                          ff810c40 C_CHANGE_PAL
ffea3530 FONT518                          ff810cd0 SET_FLIP
ffea35a0 FONT519                          ff810dc0 TOGGLE_FLIP
ffea3680 FONT51EXC                        ff810f70 GETANIXY
ffea4330 FONT51                           ff811180 GETANIX
ffea43a0 FONT52                           ff811620 GET_ANIP
ffea4410 FONT53                           ff811680 ADD_OFF2ANIP
ffea4480 FONT54                           ff811b50 SET_ANIP
ffea44f0 FONT55                           ff811d80 SET_OFFP
ffea4560 FONT56                           ff811fc0 SETANIPU
ffea45d0 FONT57                           ff812090 GETANIPU
ffea4640 FONT58                           ff812090 GETOFFPU
ffea46b0 FONT59                           ff812260 CNTMPART
fff616f0 FONTGRYP                         ff812330 INSPART
ffeb28f0 FONTGRYP2                        ff812720 PULL_PART
013d5090 FORCEDIP                         ff812780 PULLPART
ffd4b3c0 FORCE_MAIN                       ff812bc0 FINDPART
ffd79d00 FORM_ADC                         ff812cd0 GET_HEAD_PART
ffd4e9a0 FORM_SWS                         ff812d20 GETHEADPART
01101530 FPALRAM                          ff812d70 GET_HEAD_PART_A0
ff810860 FPSTFOBJ0                        ff812e00 GANIOF
fff60780 FRAG01P                          ff813180 STRT_ANIM
fff4edf0 FRAME3                           ff8131e0 STRTANIM
fff75820 FRAMEA04P                        ff8132a0 STRTANIM_OFF
fff6d310 FREEBOXP                         ff813430 CKINSANI
ffd262a0 FREEPAL                          ff813460 INSANIM
012af720 FREE                             ff813610 kill_all_animations
012ad6e0 FREEPALCNT                       ff8136e0 PULL_ANIM
fff8b3b0 FRENCH_1                         ff813740 PULL_ANIM_ALL
fff8b610 FRENCH_11                        ff8138f0 CKPULLANIM
fff8b660 FRENCH_12                        ff813920 PULLANIM
fff8b400 FRENCH_2                         ff813bd0 GETAFARG_WORD
fff8b450 FRENCH_3                         ff813c30 GETAFARG_LONG
fff8b4a0 FRENCH_4                         ff813d50 A_ANIMGO
fff8b100 FRENCH_ELECTITLE                 ff813dc0 A_ANIMFRM
ffd3f5a0 FROZE_FADE_FULL2HALF             ff813e10 A_ANIMSCR
ffd3f0e0 FROZE_FADE_HALF2FULL             ff813ec0 CREATE_OBJ
fff52260 FUHR3P                           ff814260 GET_SUPP
ffd79eb0 F_ADC_S                          ff8142d0 GETSUPP_FROM_OID
ffe0cdc0 F_CHELIO                         ff8146e0 OBJ_OFF
ffd40c30 FadeIn                           ff814750 OBJOFF
ffdaed80 G01                              ff8147b0 OBJ_ON
ffdaee10 G02                              ff814830 OBJON
ffdaeea0 G03                              ff814890 OBJ_CONST
ffdaef30 G04                              ff814910 OBJ_CONST_ALL
fff1ff60 GAGNER3P                         ff814990 OBJCONST
01103770 GAMERASE                         ff8149f0 OBJ_OFF_MULTI
013d5440 GAMEUNITS                        ff814ec0 COPY_OBJ
01103700 GAME_STATE                       ff815030 CREATE_COPY
ff812e00 GANIOF                           ff815110 OBJ_TO_PNT
fff3fc70 GAYMR01P                         ff815170 OBJTOPNT
ffabdb50 GC_heads                         ff8151d0 STOPOBJS
ff873ee0 GDEF_CONTROL                     ff815250 STOPOBJ
ffabd510 GD_heads                         ff815250 CLR_VEL
fff40080 GEEME01P                         ff8152f0 CLRVEL
fff40490 GENMJ01P                         ff815350 CHANGE_OID
fff8b220 GERMAN_1                         ff8153b0 CHANGE_OID_MULTI
fff8b270 GERMAN_2                         ff815490 CHANGE_OIDS
fff8b2c0 GERMAN_3                         ff8156a0 STORE_ZVALH
fff8b310 GERMAN_4                         ff8156c0 STORE_ZVAL
fff8b360 GERMAN_5                         ff815820 KILOBJ_ALL
fff8b160 GERMAN_ELECTITLE                 ff815890 KILOBJ
ffd29100 GETA10                           ff815a30 EXISTOBJ_ALL
ffd290d0 GETA11                           ff815ab0 EXIST_OBJ_ALL
ffd29160 GETA8                            ff815b30 RESUME_EXIST_OBJ_ALL
ffd29130 GETA9                            ff815c70 EXISTOBJ
ff813c30 GETAFARG_LONG                    ff816190 SET_SCRNOBJ
ff813bd0 GETAFARG_WORD                    ff816440 find_screen_from_world_zero_y
ff812090 GETANIPU                         ff816450 find_screen_from_world
ff811180 GETANIX                          ff8166a0 find_rworld_from_z
ff810f70 GETANIXY                         ff8166d0 find_lworld_from_z
ffd30f40 GETATAN                          ff816700 find_world_from_screen
ffd30c80 GETCOS                           ff8168f0 find_world_from_screen_z
ffd25de0 GETFPAL                          ff816b50 set_scrnobj_to_pos_flips
ff812d20 GETHEADPART                      ff816c40 set_scrnobj_to_pos
ff80f3c0 GETOBJ                           ff818c40 rmg_list
ff812090 GETOFFPU                         ff83f900 puck_watch
ffd27f50 GETPPRC                          ff840540 PUCK_GOALIE_CHECK0
ffd27d20 GETPPRC_OR_RETURN                ff846b30 GET_PUCK_CONTROL
ffd27df0 GETPRC_OR_RETURN                 ff846b30 cpip_control
ffd27ff0 GETPRC                           ff846c80 record_puck_a6
ffd30b30 GETSIN                           ff846e20 LAST_PUCK_OWNER
ffd4e640 GETSTICK                         ff846ef0 last_puck_owner_a14
ff8142d0 GETSUPP_FROM_OID                 ff847170 new_puck_control
ffd29190 GETWAKE                          ff847e00 set_puck_outlaw
ffd79fd0 GET_ADJ                          ff848020 find_closest_player_to_puck_r
ff811620 GET_ANIP                         ff848b60 create_puck
ffd79650 GET_AUD                          ff849c70 reset_puck_position
ffd88800 GET_CSPT                         ff84a090 turn_puck_on
ffd7fa90 GET_CSTR                         ff84a140 turn_puck_off
ff894d90 GET_GDIR_TO_POINT_18_T           ff84a220 send_puck_to_player_part1
ff812cd0 GET_HEAD_PART                    ff84a660 send_puck_to_player_part2
ff812d70 GET_HEAD_PART_A0                 ff84a7a0 send_puck_to_player
ffd25560 GET_PALID                        ff84a7d0 send_puck_to_player_boards
ff846b30 GET_PUCK_CONTROL                 ff84bab0 send_puck_to_point_xyz_v
ff8e9a20 GET_READY_MESSAGE                ff84bd20 send_puck_to_point_xyz_asamev
ff80de90 GET_SCALED_SIZE                  ff84bd50 send_puck_to_point_xyz
ff814260 GET_SUPP                         ff84bfd0 get_puck_time_for_x
ff88fb00 GET_TEAMMATE_BLOCKS              ff84c1a0 get_puck_data_for_x
ffe53d20 GFB12F08                         ff84c400 get_puck_y_data_for_t
ffe53df0 GFB13F10                         ff84c5b0 SEND_PUCK_POLAR
ffe53ec0 GFB14F08                         ff84c610 put_puck_in_other_direction
ffe446f0 GFC12F03                         ff84c880 find_time_to_get_to_point
ffe447c0 GFC12F05                         ff84c920 find_time_to_get_to_point_okb
ffe44e40 GFC14F03                         ff84de60 compute_bounce_angle
ffe44fe0 GFC14F05                         ff84e190 slow_object_down
ffe45660 GFC23F05                         ff84e8c0 set_safe_puck_mode_a1
fff669c0 GFLM1P                           ff84e900 set_safe_puck_mode_a4
fff678b0 GFLM2P                           ff84e980 set_safe_puck_mode_a14
fff4e930 GFONT10CP                        ff84e9c0 set_safe_puck_mode_a0
ffabe790 GG_heads                         ff84f600 give_puck_gravity
fff68980 GHLM5AP                          ff84f650 give_puck_shot_gravity
ffabe150 GH_heads                         ff84f6a0 set_puck_script
fff0c1a0 GILMOURP                         ff850220 kill_all_trails
ff8ca000 GLDFRMP                          ff850880 SAVE_FIRE_INIT
ffeb2bb0 GLDTXT1P                         ff8508e0 SAVE_FIRE_ANIM
ffeb2bb0 GLDTXT5P                         ff850b10 FIREBALL_INIT
fff68490 GNUMS                            ff8546a0 puck_shadow_off
01103970 GOALIE_CONTROL_4                 ff854da0 r_horizontal_wall
01103980 GOALIE_CONTROL_8                 ff855090 r_lgoal_check
ff8952d0 GOALIE_DIR_TABLE                 ff855190 r_rgoal_check
0127aca0 GOALIE_MISS                      ff857d70 get_z_from_x_midpoint
ffb81d20 GOALIE_PASS_PUCK                 ff8580a0 are_we_inside_goal
ffbdfce0 GOALIE_SPEECH                    ff858410 r_vertical_wall
fff661b0 GOALP                            ff858600 r_corner_check
ff873ee0 GOFF_CONTROL                     ff859100 put_point_in_rink
ffd3e8b0 GONORMAL                         ff859810 put_puck_outside_netp
fff408a0 GOSMT01P                         ff859930 put_puck_outside_net
ffd3e830 GOWHITE                          ff859a50 put_point_outside_netp
ffd88d00 GO_GADJ                          ff859f20 debug_track_puck
ff89c4a0 GO_MESS                          ff85a910 SW_4
ffd88d90 GO_PADJ                          ff85aa10 SW_5
ff8a1f00 GO_PAL_LIST                      ff85ab10 SW_6
011039b0 GRAMEND                          ff85ac00 SW_7
ff802f00 GRAMINIT                         ff85aca0 SW_12
01103730 GRAMSTRT                         ff85ae00 SW_13
fff40cb0 GRBMJ01P                         ff85af60 SW_14
ffb878e0 GREARSMOTH_1_SAVE_GETUP          ff85b0b0 SW_15
ffb88540 GREARSMOTH_4_GETUP               ff85b150 SW_20
ffb88720 GREARSMOTH_4_SAVE_GETUP          ff85b2b0 SW_21
fff10a00 GRETZKY4P                        ff85b410 SW_22
ff8c9ca0 GRNFRMP                          ff85b550 SW_23
ff884760 GRNTRBOP                         ff85b5f0 SW_28
ffeb2d10 GRNTXT3P                         ff85b750 SW_29
ffeb2d10 GRNTXT5P                         ff85b8b0 SW_30
011036c0 GROUNDCOLOR                      ff85be30 SW_31
fff6abf0 GRYBLOCKP                        ff85bec0 SW_34
fff65860 GRYTRBOP                         ff85bf60 SW_37
ffe539e0 GSA12F03                         ff85c080 SW_41
ffe53ab0 GSA12F04                         ff85c170 SW_42
ffe53840 GSA13F03                         ff85c290 turn_all_arrows_long
ffe53910 GSA13F04                         ff85c3e0 turn_on_players_arrow
ffe53b80 GSA14F03                         ff85c520 turn_on_a0_arrow
ffe53c50 GSA14F04                         ff85c520 turn_on_receivers_arrow
ffe4c820 GSH12F04                         ff85d730 fix_players_arrow
ffe4cea0 GSH14F03                         ff85e630 cpu_arrow_on
ffe51070 GSK12F06                         ff85ef10 move_player_to_puckpoint
ffe51bd0 GSK14F05                         ff85f150 get_players_destination_point
ffe51e40 GSK14F08                         ff85f1a0 get_players_puck_point
ffe517c0 GSK23F08                         ff85f1f0 get_players_puck_point_b
ffe4aa10 GST32F01                         ff85f210 get_players_puck_point_o
01103810 GTIMEP1                          ff85f5b0 get_players_puck_point_rz
01103870 GTIMEP2                          ff85f930 get_players_puck_point_bz
011038d0 GTIMEP5                          ff85f950 get_players_puck_point_oz
01103930 GTIMEP6                          ff85fd10 get_supplied_offset_point
011037f0 GTIMES1                          ff8601e0 get_pass_receiver
01103850 GTIMES2                          ff8626f0 get_offense_mode
011038b0 GTIMES5                          ff8628b0 reset_players_turbo
01103910 GTIMES6                          ff862a20 store_players_tired
01103830 GTIMET1                          ff862ba0 check_mode_ok
01103890 GTIMET2                          ff862ca0 control_player
011038f0 GTIMET5                          ff8635e0 clean_up_players
01103950 GTIMET6                          ff8642b0 shad_do
ffeae890 H10FONT                          ff865180 move_player
ffeaf470 H11WFONT                         ff865240 move_player_dir
ffeb0c30 H18FONT                          ff866bf0 stop_player
ffeb0050 H18TFONT                         ff8670c0 move_to_s_no_r
ffeb1810 H50FONT                          ff867130 are_we_intended
fff60b90 HAD16F01P                        ff867640 face_player
fff414a0 HAEMJH01P                        ff867eb0 face_travel
fff52e50 HAFI1F01P                        ff868a70 set_player_script_a79
fff243b0 HAMRLIK3P                        ff868b00 set_player_script
fff635d0 HARTFOR1P                        ff868df0 pass_puck_sw
ffee7cc0 HASEK1P                          ff8694f0 pass_puck
fff16680 HASEK3P                          ff869cc0 skater_push
fff0d5f0 HATCHER3P                        ff86b080 pass_script_done_1
fff253b0 HAWERCH3P                        ff86b830 pass_script_done_zero
fff56610 HBIGG01P                         ff86bb50 pass_script_done_zero_one
fff53e60 HCLIPF01P                        ff86bf40 shoot_puck_sw
fff4aec0 HEATHE01P                        ff86c770 shoot_puck
fff19690 HEBERT3P                         ff86e270 no_shoot_release
fff418b0 HEDMJ01P                         ff86e2a0 onetime_script_done_fff1
fff6af50 HELPBK2P                         ff86e640 onetime_script_done_ff1
012833e0 HELP_WINDOW_COUNT                ff86ea20 onetime_script_done_1
fff19a90 HEXTALL3P                        ff86f470 shoot_script_done_1
ffd3a810 HEXTOASC                         ff86f490 turbo_shoot_script_done_1
fff41cc0 HEYMJ01P                         ff86fd40 A_SCRIPT_DONE
fff5a620 HFIREB01P                        ff86fde0 onetime_script_done_2
fff5b640 HITICEP                          ff86fea0 shoot_script_done_2
fff6f6f0 HORBAR01P                        ff86fea0 turbo_shoot_script_done_2
fff651b0 HOTNUM1                          ff86fea0 pass_script_done_2
fff1f760 HOUSLEY3P                        ff86ffa0 non_shoot_script_done
fff4d6f0 HOWE3P                           ff870690 record_steal_a6
fff3ab40 HP_HAEGOL                        ff8706e0 record_check_a6
fff19e90 HRUDEY3P                         ff870bd0 dump_puck
ffd3ad20 HTOHXASC                         ff871130 give_player_control
fff1d310 HULLP                            ff871450 take_player_control
ffd77400 HVLINE                           ff8714d0 take_player_control_a7
ffd502f0 H_SLAVE                          ff871550 take_player_control_m
ff803090 IAUTOE                           ff871780 get_quick_shot_point
000001c0 IDATALEN                         ff871890 get_shot_point_nt
ffd25420 INC_PALCNT                       ff871890 get_shot_point_ot
ff8c75a0 INFOBOXES_BGND_INIT              ff871890 get_shot_point_t
ff8c74b0 INFOBOXES_INIT                   ff8726f0 change_shot
ff8c72d0 INFOBOX_CENTER_XPOS_TABLE        ff872920 change_tpass
ff8c7660 INFOBOX_MESSAGE_INIT             ff872920 change_pass
ffd77be0 INITCOLR                         ff872b50 change_tshot
ff8067d0 INITDATA                         ff872b50 change_dump
ffd30b20 INITIALIZE_UART                  ff872d70 change_tdump
ff8bf420 INITIAL_ENTRY                    ff8734e0 int_control
ff8c4210 INITIAL_GRAPHICS_1               ff873790 off_control1
ff8c48e0 INITIAL_GRAPHICS_2               ff873820 def_control1
ff8c7c60 INITIAL_MESS_CENTER_XPOS_TABLE   ff873840 off_control2
ffd25b00 INIT_PAL                         ff8738d0 def_control2
ff813460 INSANIM                          ff8738f0 off_control3
ff80fbe0 INSERT_OBJ                       ff873980 def_control3
ff80f930 INSERT_SCREEN_OBJ_noani          ff8739a0 off_control4
ff80fa70 INSERT_SCREEN_OBJ                ff873a30 def_control4
ff80fdf0 INSOBJ                           ff873a50 off_control5
ff812330 INSPART                          ff873ae0 def_control5
fff6af80 INSTRUCP                         ff873ee0 GOFF_CONTROL
011039b0 INTADDR                          ff873ee0 GDEF_CONTROL
01101200 INVELADD                         ff877ae0 clear_all_signals
fff1a2a0 IRBE3P                           ff877c40 fix_all_signals
ffee8c40 IRBPAL1                          ff877f50 signal_to_pass
011036e0 IRQGNDE                          ff8780b0 signal_to_shoot
011036d0 IRQSKYE                          ff878820 read_just_buttons
ff894770 IS_A8_IN_A14R                    ff8793a0 drone_rink_check
ff894700 IS_A8_IN_CREASE                  ff8797c0 close_area_check
ff894740 IS_A8_IN_GOALR                   ff87b640 mina03
ffd8fb80 InitPIC                          ff87e6b0 line_up_for_pass
ff80f210 IsAnObj                          ff87eee0 compute_shot_tip
fff410c0 JACKM01P                         ff87ef40 compute_shot_onetime
fff12a40 JAGR3P                           ff87efa0 compute_shot_regular
fff27790 JANNEY3P                         ff880910 update_drone_msgs
fff420d0 JARME01P                         ff8809d0 create_puck_control_indicator
fff6a580 JITTERP                          ff880b20 set_puck_control_indicator
fff4c2c0 JNCMA01P                         ff884760 GRNTRBOP
fff4cad0 JOHMJ01P                         ff8847b0 PRPTRBOP
fff6d2d0 JOININP                          ff884800 YLWTRBOP
ff8c7a00 JOININ_MESSAGE_INIT              ff884850 BLUTRBOP
fff1a6a0 JOSEPH3P                         ff884cb0 update_turbo_up
fff0d9e0 JUNEAU3P                         ff884d20 update_turbo
fff10e10 KARIYA3P                         ff8856e0 check_on_fire
fff61d30 KCITYP                           ff886230 hotbar_periodstart
fff424e0 KEEME01P                         ff886650 clear_hot
fff4c6c0 KEVM101P                         ff887120 inc_hot_ifp_a7
fff1aaa0 KIDD3P                           ff8871b0 inc_hot_single
ffd288b0 KILALL                           ff887a40 create_mini_bar
ffd28840 KILLPROC_ALL                     ff888a60 update_turbo_drone
ffd28510 KILL                             ff889830 fix_players_trail
ffd27c20 KILL_AND_GETPPRC                 ff889e10 do_check
ffd27ca0 KILL_AND_GETPRC                  ff88af70 check_freeze_offscreen
ffd799d0 KILL_AUD                         ff88afa0 check_freeze_shootfar
ff802c00 KILL_DESTRUCTIBLES               ff88afd0 annoy_player_shootpass
ff815890 KILOBJ                           ff88b220 check_freeze_shootpass
ff815820 KILOBJ_ALL                       ff88b240 check_freeze_drone_shootpass
fff263a0 KING3P                           ff88b260 check_for_all_turbos
fff62250 KINGS3P                          ff88b5a0 check_freeze_turbo
fff0ddc0 KLIMA3P                          ff88b5c0 check_freeze_smotherpass
fff11220 KORVERS3P                        ff88b970 quick_freeze_check
fff11600 KRAVCHK3P                        ff88bba0 freeze_message
fff11a10 KURRI3P                          ff88efb0 PUCK_PTR_PROC
fff1aeb0 LACHER3P                         ff88fb00 GET_TEAMMATE_BLOCKS
fff12e50 LAFONTN3P                        ff88fdb0 control_goalie
fff428f0 LASMA01P                         ff894700 IS_A8_IN_CREASE
013d4fb0 LASTCOLOR                        ff894740 IS_A8_IN_GOALR
011039d0 LASTINT                          ff894770 IS_A8_IN_A14R
012af760 LASTPROC                         ff894970 FIND_PLAYER_CLOSER_TO_GOALIE
01103790 LAST_PLAYER_BITS                 ff894d90 GET_GDIR_TO_POINT_18_T
ff846e20 LAST_PUCK_OWNER                  ff8952d0 GOALIE_DIR_TABLE
012af830 LAST_TIMER                       ff895e00 player_start
fff55620 LCHEER01P                        ff897440 CROWD_NOISE_PROC
ffd811c0 LCOIN                            ff898380 ORGAN_PROC
fff6a9d0 LEDSP                            ff899ae0 start_game_awin
fff227a0 LEETCH3P                         ff899ae0 start_game_force_new_initials
fff42d00 LICMA01P                         ff899ae0 start_game
fff1d720 LINDEN3P                         ff899e50 clear_all_player_blocks
fff0e1c0 LINDROS3P                        ff89a4a0 restart_game_mode
ffd2f4f0 LINT2_SERVICE                    ff89a820 all_watch
ffd3b930 LM_PRINTF                        ff89b1f0 game_over
ffd3b8d0 LM_SETUP                         ff89c4a0 GO_MESS
01283718 LOCKED_CHAR_BITS                 ff89ca60 fill_up_ot
fff43110 LOFMM01P                         ff89ce20 find_cpu_team
ff8da0f0 LOGO_INIT                        ff8a0560 period_start
fff43520 LOWMJ01P                         ff8a0ef0 period_over
fff0b4f0 LSTNME1P                         ff8a1f00 GO_PAL_LIST
fff0b530 LSTNME2P                         ff8a20e0 nolist
fff71900 LTS0001P                         ff8a2980 il_string_m
fff43930 LYNMM01P                         ff8a3130 COUNT_PLAYER_BITS
ffd3b790 L_MESS                           ff8a3200 find_dist_quick2
fff0e5d0 MACLEAN3P                        ff8a3e50 find_dist_quick
ff800b90 MAIN_GO                          ff8a5940 fix_curplyrs
ff801420 MAIN_INIT                        ff8a5ba0 dpl_lst
fff43d40 MANML01P                         ff8a5c20 check_for_player
fff6d0c0 MARKSP                           ff8a5de0 big_fire_inc
fff44150 MARMM01P                         ff8a5e00 small_fire_inc
fff4b690 MATM101P                         ff8a6090 create_rink
012ac670 MAX_PALXFERS                     ff8a63c0 fix_palette_lights_off
fff18a90 MCLEAN3P                         ff8a6400 fix_palette_lights
fff18e80 MCLENN3P                         ff8aa780 MY_WIPEOUT
fff44560 MECMR01P                         ff8aa9f0 my_wipeout_novideo_noprocess
fff44970 MEDMK01P                         ff8aaba0 MY_WIPEOUT_NOVIDEO
fff0e9e0 MELLANB3P                        ff8aae90 button_wait
ffd4bac0 MENU_TOP                         ff8ab1e0 bw_tab
fff7a380 MEN_GADJ                         ff8ab3e0 bw_tab_2P
fff79fc0 MEN_PADJ                         ff8ab6e0 get_button_s_mask
fff0edf0 MESSIER3P                        ff8ab9e0 get_period_players
ffd53f70 MESS_DRIVER                      ff8acdf0 do_we_have_start_credits
ffd54370 MESS_MM                          ff8ad5f0 START_HELP_WINDOWS
ffd51930 MESS_TITLE                       ff8bf420 INITIAL_ENTRY
fff6cda0 METALP                           ff8c4210 INITIAL_GRAPHICS_1
ff8c4e90 METAL_ICE_INIT                   ff8c48e0 INITIAL_GRAPHICS_2
fff6ceb0 METBEV2P                         ff8c4e90 METAL_ICE_INIT
fff44d80 METMT01P                         ff8c72d0 INFOBOX_CENTER_XPOS_TABLE
fff45190 MICMD01P                         ff8c74b0 INFOBOXES_INIT
01101470 MISCOUT_COPY                     ff8c75a0 INFOBOXES_BGND_INIT
fff23790 MLEMIEU4P                        ff8c7600 PAIDBOX_INIT
fff1cf10 MODANO1P                         ff8c7660 INFOBOX_MESSAGE_INIT
fff13260 MOGILNY3P                        ff8c77c0 SELECTFRAME_INIT
fff637e0 MONTREA1P                        ff8c7a00 JOININ_MESSAGE_INIT
fff19290 MOOG3P                           ff8c7a60 CHALNEED_MESSAGE_ANIM
ff8e23f0 MUG_BGND_FLASH_ANIM              ff8c7b60 TEAMNEED_MESSAGE_ANIM
fff1db30 MULLER3P                         ff8c7c60 INITIAL_MESS_CENTER_XPOS_TABLE
ff80cb50 MULTIMAKE                        ff8c95e0 BLUFRMP
ffd311a0 MULT                             ff8c9940 REDFRMP
fff1df30 MURPHY3P                         ff8c9ca0 GRNFRMP
ffd23160 MYOINIT                          ff8ca000 GLDFRMP
ff8aaba0 MY_WIPEOUT_NOVIDEO               ff8ca360 PRPFRMP
ff8aa780 MY_WIPEOUT                       ff8ca6c0 CENTER_ICE_BGND
ffdf4940 M_CHELIOS                        ff8ca730 OPEN_ICE_BGND
fff257b0 M_MAKAROP                        ff8ca7a0 SELECT_TIMER_PROC
fff65550 NAMEBAR2P                        ff8cae50 TICK_SOUND
fff65240 NAMEBARP                         ff8caed0 TIMER_DIGIT_INIT
fff0f200 NEDVED3P                         ff8caf30 COUNTDOWN_TABLE
fff13660 NEELY3P                          ff8cb090 DISPLAY_CREDIT_PROC
fff650d0 NEWBARx3                         ff8cc7c0 PERIODS_PAID_PROC
013d5480 NEWCRED                          ff8ce8d0 PERIOD_PAID_SOUND
fff61390 NEWGORD2                         ff8d4d20 PENACHO_TO_ASCII
fff639f0 NEWJER1P                         ff8d4ed0 a9_to_a0
fff455a0 NEWMJ01P                         ff8d52d0 RANK_STRING
fff6e9d0 NHLLOGO4P                        ff8d5340 RECORD_STRING
fff6e5c0 NHLPALGOP                        ff8d5440 PCTG_100_STRING
fff1e330 NICHOLL3P                        ff8d54a0 PCTG_STRING
fff26790 NIEUWEN3P                        ff8d5580 POINTS_STRING
fff658b0 NMPUCK01P                        ff8d6550 PLAYER_OID_TABLE
01101240 NOAUTOE                          ff8d8710 SETUP_PLAYERS
ffef9d60 NOL0001P                         ff8d9430 TEAM_SELECT_LEFT_POS_TABLE
fff23ba0 NOLAN3P                          ff8d9650 TEAM_SELECT_RGHT_POS_TABLE
01101500 NOPGFLIP                         ff8da090 TEAM_NAME_INIT
ffd83120 NO_CREDS                         ff8da0f0 LOGO_INIT
01103a80 NO_PUCK_SLOW                     ff8de0c0 PICK_SOUND
011036f0 NPLAYERS                         ff8de140 SWAP_SOUND
fff63c00 NWYRKIS1P                        ff8df220 UP_UPDATE_PLAYERS
fff63e10 NWYRKRA1P                        ff8e15f0 SWAP_TABLES_TABLE
01103630 NewAECol                         ff8e23f0 MUG_BGND_FLASH_ANIM
01103670 NewGNDCol                        ff8e2540 ARROW_PTR_INIT
fff1ef50 OATES3P                          ff8e2630 ARROW_IMG_TABLE
ff814990 OBJCONST                         ff8e3870 SUBSTITUTION_PAGE
ff814750 OBJOFF                           ff8e7460 DO_BUY_IN
ff814830 OBJON                            ff8e9a20 GET_READY_MESSAGE
010cd8c0 OBJSTRX                          ff8ea3d0 DISPLAY_UPDATED_RECORDS
010071c0 OBJSTR                           ff8edb60 RESET_POWERUP_FLAGS
ff815170 OBJTOPNT                         ff8edd00 START_TG_POWERUP_PROC
ff814890 OBJ_CONST                        ff8eded0 START_FACEOFF_POWERUP_PROC
ff814910 OBJ_CONST_ALL                    ff8efe40 REPORT_POWERUPS
ff8149f0 OBJ_OFF_MULTI                    ff8f22b0 score_left_team
ff8146e0 OBJ_OFF                          ff8f2600 score_right_team
ff8147b0 OBJ_ON                           ff8f3030 get_potential_scorer
ff815110 OBJ_TO_PNT                       ff8f3a20 get_very_last_player
fff459b0 OCEMM01P                         ff8f3af0 goal_cycle
fff70ae0 OCTOP01P                         ff8f4550 start_clip_running_us
013d5470 OCTO_FLAG                        ff913f80 SHOW_GCARDS_INTRO
010071a0 OFREECNT                         ff914340 SHOW_GCARDS_FREEZE_PROC
01000440 OFREE                            ff914730 SHOW_GCARDS_ENDPER
ff80ec10 OINIT                            ff914a00 SHOW_GCARDS_GOALSUM
ff8ca730 OPEN_ICE_BGND                    ff916690 PUCK_FROZEN
fff695b0 OPICESM4P                        ff916ab0 period_faceoff
ff898380 ORGAN_PROC                       ff916ad0 faceoff
ffeb3290 ORGTXT1P                         ff918b80 CHECK_STANCUP_GAME
fff51e50 OSGOOD3P                         ff91b020 inc_tap
fff63f20 OTTAWA1P                         ff91b230 faceoff_tap
fff45dc0 OURMS02P                         ff91ba40 move_player_to_point
fff11e20 OZOLINS3P                        ff91d1a0 release_higher_control
01103650 OldAECol                         ff91eba0 ATT_MODE_TOPTEN
01103690 OldGNDCol                        ff91ebc0 ATTRACT_MODE
012af740 PACTIVE                          ff920950 build_random_hint
01101490 PAGEADDR                         ff92d690 stop_attract_game_quick
01101480 PAGE                             ff92d6c0 stop_attract_game_quick_SNDOK
ff8c7600 PAIDBOX_INIT                     ff92d8e0 stop_all_objects
01101530 PALRAM                           ff92db70 congratulations_page
ffd26760 PALSET                           ff940140 set_gofly_script_a7
ffd269f0 PALTRANS                         ff942f20 set_elbow_script
fff4baa0 PATM101P                         ff9432d0 set_1flipped_script_a7
fff6c8a0 PCKCRDXP                         ff9433b0 set_2flipped_script_a7
fff5c040 PCKSCRN2P                        ff943690 set_fall_script
ff8009b0 PCMOSRET                         ff943690 set_fall_to_stomach_script
ff8d5440 PCTG_100_STRING                  ff9437f0 set_high_stick_script
ff8d54a0 PCTG_STRING                      ff943950 set_slash_script
fff461d0 PDSMA01P                         ff943ab0 set_swing_script
ff8d4d20 PENACHO_TO_ASCII                 ff943c10 set_hip_check_up_script
fff465e0 PENMM01P                         ff943d70 set_hip_check_down_script
fff6a7c0 PERIODP                          ff943ed0 set_backward_sweep_check_script
ff8cc7c0 PERIODS_PAID_PROC                ff944030 set_reverse_face_spear_script
ff8ce8d0 PERIOD_PAID_SOUND                ff944190 set_reverse_face_check_script
fff469f0 PESMC01P                         ff9442f0 set_steal_script
fff4cee0 PETMJ01P                         ff944450 set_shake_script
012af800 PFREECNT                         ff9445b0 set_push_script
fff64130 PHILADE1P                        ff944710 set_body_check_script
ff8de0c0 PICK_SOUND                       ff944870 set_body_check_wall_script
ffd279e0 PINIT                            ff9449d0 set_body_check_down_script
fff4ef20 PIPESP                           ff944b30 set_body_chkd_back_script
fff64240 PITSBRG1P                        ff944b30 set_body_chkd_face_script
fff1f360 PLANTE3P                         ff944c90 set_body_chkd_back_wall_script
fff5d830 PLAYBEN1x                        ff944c90 set_body_chkd_face_wall_script
01103750 PLAYERLBITS                      ff944df0 set_body_chkd_back_down_script
fff68500 PLAYERN                          ff944df0 set_body_chkd_face_down_script
fff684c0 PLAYERP                          ff944f50 set_whack_goalie_script
0127acc0 PLAYER_1_BLOCK                   ff9636f0 start_panim_if_not_ta14
0127bcc0 PLAYER_2_BLOCK                   ff9638d0 start_panim_if_not
0127ccc0 PLAYER_3_BLOCK                   ff963b10 start_lean_panim_if_not_ta14
0127dcc0 PLAYER_4_BLOCK                   ff963c70 start_lean_panim_if_not
0127ecc0 PLAYER_5_BLOCK                   ff963e20 start_anim_if_not
0127fcc0 PLAYER_6_BLOCK                   ff963ef0 a_set_pal_to_img
01280cc0 PLAYER_7_BLOCK                   ff963f60 a_safe_branch
01281cc0 PLAYER_8_BLOCK                   ff964030 a_branch
01103740 PLAYER_BITS                      ff9640b0 a_speed_branchil
ff8d6550 PLAYER_OID_TABLE                 ff9642b0 a_speed_branch
ffe78c80 PLEXIB01                         ff964400 a_intend_loop
fff68540 PLYRBCK2P                        ff964540 a_puck_wait
fff681d0 PLYRBXP                          ff9646b0 a_accelerate_start
ff8d5580 POINTS_STRING                    ff9651e0 a_accelerate_restore
ffd77220 POINT                            ff965250 a_control_script_done
fff68950 POSITP                           ff9652d0 a_set_height
fff172a0 POTVIN3P                         ff965330 a_check_puck_cross
ffd5e180 POWERCMOS                        ff9660e0 do_segments_cross
ff800810 POWERRET                         ff966380 get_c_cw
ffd66350 POWERTST                         ff9669a0 a_collision
ff8003a0 POWERUP                          ff966a80 a_collision_puck
ffdaf320 PPLAYER                          ff966b40 puck_collision_check
ffd27f00 PPROCESS_FORK                    ff966e90 a_flip_no_shoot_button
ffd26ef0 PRCDSP                           ff966ee0 a_flip_accelerate_start
ffd27130 PRCLSP                           ff966f20 a_flip_collision_puck
ffd27120 PRCSLP                           ff966f50 a_flip_collision
ffd34a70 PRINTF                           ff966f80 a_set_15_flip
ffd27e90 PROCESS_FORK                     ff9670a0 a_clear_otd
ff8ca360 PRPFRMP                          ff967140 a_set_release_est_r_otd
ff8847b0 PRPTRBOP                         ff9671f0 a_set_release_est_r
ffeb2e70 PRPTXT3P                         ff967230 a_set_release_est
ffeb2e70 PRPTXT5P                         ff9672f0 a_bface
fff660c0 PUCKPNT1P                        ff967370 a_bfaceiloop
01103a30 PUCK_CONTROL                     ff9674e0 a_2face
01103a40 PUCK_CONTROL_START               ff967580 a_set_loopc
ff916690 PUCK_FROZEN                      ff9675e0 a_dec_or_lshoot
ff840540 PUCK_GOALIE_CHECK0               ff967800 a_delete_obj
01103a70 PUCK_INTENDED                    ff967830 do_flash
01103a60 PUCK_LAST_CONTROL                ff967ac0 set_go_into_faceoff_script
01103ab0 PUCK_MODE                        ff967cf0 set_faceoff_ready_script
01103ac0 PUCK_MODE_2                      ff968a10 set_faceoff_tap_script
0127ac20 PUCK_NEWDIR_TIME                 ff968bd0 set_faceoff_take_back_script
011039f0 PUCK_OBJECT                      ff968d30 set_face_take_up_back_script
01103a90 PUCK_OPEN_CONTROL_TIME           ff968e90 set_faceoff_take_up_script
01103aa0 PUCK_OPEN_LAST_TIME              ff968ff0 set_faceoff_take_down_script
ff88efb0 PUCK_PTR_PROC                    ff969150 set_down_block_script
01103a10 PUCK_SHADOW                      ff9691b0 set_down_knees_script
ff809290 PULLANIMFUNC                     ff969f30 set_rev_face_take_back_script
ff813920 PULLANIM                         ff9755b0 start_head_script
ff812780 PULLPART                         ff975610 nul_script
ff8136e0 PULL_ANIM                        ff9756d0 scale_body_to_pct
ff813740 PULL_ANIM_ALL                    ff975fd0 a_create_spray_r
ff810110 PULL_OBJ                         ff976010 a_create_spray
ff812720 PULL_PART                        ff9780b0 set_turbo_shoot_script
fff176a0 PUPPA3P                          ff97a5e0 set_wrist_shot_script
ffd29280 PUTA10                           ff97a910 set_spin_around_slapshot_script
ffd29250 PUTA11                           ff97af40 set_turbo_backhand_script
ffd292e0 PUTA8                            ff97b120 set_pool_cue_shot_script
ffd292b0 PUTA9                            ff97b300 set_pass_script
ffd29310 PUTWAKE                          ff97b460 set_turbo_pass_script
ffd7a140 PUT_ADJ                          ff97b5c0 set_pass_early_script
ffd83970 P_CONT                           ff97b720 set_wrist_shot_down_script
ffd83ad0 P_FULL_GAME_BALANCE              ff97b900 set_backhand_shot_up_script
ffd83810 P_START                          ff97bae0 set_slap_shot_down_script
ff807e00 PutPlanes                        ff97bcc0 set_turbo_back_shot_up_script
ff80e380 QDMA2                            ff97bea0 set_pass_left_thru_script
010e04e0 QDMAFLG                          ff97c000 set_pass_left_thru_early_script
ff80dfb0 QDMAN                            ff97c160 set_pass_left_script
ff80e350 QDMAN2                           ff97c2c0 set_pass_left_early_script
ffd311a0 QMULT                            ff97c420 set_pass_right_thru_script
ffd2f910 QSNDRST                          ff97c580 set_pass_right_thru_early_script
01101250 RAMTEMP1                         ff97c6e0 set_pass_right_script
01101270 RAMTEMP2                         ff97c840 set_pass_right_early_script
01101290 RAMTEMP3                         ff97c9a0 set_pass_up_script
ffd23730 RAND0                            ff97cb00 set_pass_up_early_script
ffd23570 RANDOM                           ff97cc60 set_pass_down_script
01283710 RANDOM_ENABLE_BITS               ff97cdc0 set_pass_down_early_script
ffd23930 RANDPER                          ff97cf20 set_shoot_early_script
ffd236a0 RANDU                            ff97d350 set_bscaleshoot_script
011012b0 RAND                             ff97d960 set_turbo_shoot_early_script
fff17ab0 RANFORD3P                        ff97db40 set_onetime_script
ffd23890 RANGERND                         ff97e010 set_faster_onetime_script
ffd23840 RANGRAND                         ff97e170 set_a_fastest_onetime_script
ff8d52d0 RANK_STRING                      ff97e2d0 set_fastest_onetime_script
ffd812c0 RCOIN                            ff97e430 set_immediate_onetime_script
ffd78c60 RC_BYTEI                         ff97e950 anim_sommersault_shot_5
ffd78bc0 RC_BYTE                          ff97e950 anim_sommersault_shot_1
ffd78e40 RC_LONG                          ff97f000 anim_sommersault_shot_3
ffd78f60 RC_LONGI                         ff97f000 anim_sommersault_shot_4
ffd78cc0 RC_WORD                          ff97f000 anim_sommersault_shot_2
ffd78de0 RC_WORDI                         ff97f6a0 anim_sommersault_shot_7
ffeadbf0 RD15FONT                         ff97f6a0 anim_sommersault_shot_8
ffeac430 RD5FONT                          ff97f6a0 anim_sommersault_shot_6
ffead010 RD7FONT                          ff97fd40 anim_up_down_shot_1
ffd6af60 READ_COINSW                      ff97fd40 anim_up_down_shot_2
ffd6aec0 READ_DIP                         ff97fd40 anim_up_down_shot_4
ffd6af10 READ_SWITCH                      ff97fd40 anim_up_down_shot_3
fff4b2b0 REBECC01P                        ff980810 anim_up_down_shot_7
fff1e740 RECCHI3P                         ff980810 anim_up_down_shot_8
ff8d5340 RECORD_STRING                    ff980810 anim_up_down_shot_5
ffd772c0 RECTANGLE                        ff980810 anim_up_down_shot_6
fff76670 REDBAR2P                         ff9818b0 anim_wrist_shot_1
ff8c9940 REDFRMP                          ff9818b0 anim_wrist_shot_5
ffeb2fd0 REDTXT3P                         ff981b00 anim_wrist_shot_2
ffeb3130 REDTXT4P                         ff981b00 anim_wrist_shot_4
012836c0 RED_MUG_BGND_OBJ                 ff981b00 anim_wrist_shot_3
fff22f90 RENBERG3P                        ff981d40 anim_wrist_shot_8
ff8efe40 REPORT_POWERUPS                  ff981d40 anim_wrist_shot_7
ffd252d0 RESET_MAX_PALXFERS               ff981d40 anim_wrist_shot_6
ff8edb60 RESET_POWERUP_FLAGS              ff982060 anim_spin_around_slap_1
ff815b30 RESUME_EXIST_OBJ_ALL             ff982060 anim_spin_around_slap_5
ffd4ab30 RES_ALL                          ff9822e0 anim_spin_around_slap_3
fff0f5f0 RICHER3P                         ff9822e0 anim_spin_around_slap_2
fff17ea0 RICHTER3P                        ff9822e0 anim_spin_around_slap_4
fff13a50 ROBITAI3P                        ff982550 anim_spin_around_slap_6
fff0b980 ROENICK1P                        ff982550 anim_spin_around_slap_7
fff46e00 ROHMJ01P                         ff982550 anim_spin_around_slap_8
fff47210 ROHMM01P                         ff9827c0 anim_turbo_backhand_5
ffd41ba0 ROMTRAP                          ff9827c0 anim_turbo_backhand_1
ffd52c70 ROM_NAME                         ff982af0 anim_turbo_backhand_2
fff182b0 ROY3P                            ff982af0 anim_turbo_backhand_3
ffd314d0 SAFEDIV                          ff982af0 anim_turbo_backhand_4
ffd31290 SAFEMULT                         ff982e10 anim_turbo_backhand_8
fff59e10 SAG10001P                        ff982e10 anim_turbo_backhand_7
fff13e60 SAKIC3P                          ff982e10 anim_turbo_backhand_6
fff14250 SANDRSN3P                        ff983130 anim_pool_cue_script_1
fff64450 SANJOSE1P                        ff983130 anim_pool_cue_script_5
fff52660 SASP1F01P                        ff9834e0 anim_pool_cue_script_4
fff1fb70 SAVARD3P                         ff9834e0 anim_pool_cue_script_3
ff8508e0 SAVE_FIRE_ANIM                   ff9834e0 anim_pool_cue_script_2
ff850880 SAVE_FIRE_INIT                   ff9838a0 anim_pool_cue_script_7
fff56e20 SBIGG01P                         ff9838a0 anim_pool_cue_script_8
ff80b1d0 SCALE_MAMA                       ff9838a0 anim_pool_cue_script_6
ffd80e60 SCOIN                            ff983c60 anim_wrist_shot_down_1
fff691d0 SCOREBAR                         ff983c60 anim_wrist_shot_down_5
fff6a8e0 SCORESP                          ff983e80 anim_wrist_shot_down_2
ffd244c0 SCRCLR                           ff983e80 anim_wrist_shot_down_4
01007180 SCRNBR                           ff983e80 anim_wrist_shot_down_3
01007160 SCRNTL                           ff984090 anim_wrist_shot_down_6
010070e0 SCROLLX                          ff984090 anim_wrist_shot_down_7
01007100 SCROLLY                          ff984090 anim_wrist_shot_down_8
ffd4c010 SCR_BOX_OBJ                      ff9842a0 anim_slap_shot_down_5
ffd4be00 SCR_REV_OBJ                      ff9842a0 anim_slap_shot_down_1
fff54e20 SDAN2p                           ff9844f0 anim_slap_shot_down_3
fff0c9c0 SELANNEP                         ff9844f0 anim_slap_shot_down_2
ff8c77c0 SELECTFRAME_INIT                 ff9844f0 anim_slap_shot_down_4
00000005 SELECT_FLASHES                   ff984730 anim_slap_shot_down_7
ff8ca7a0 SELECT_TIMER_PROC                ff984730 anim_slap_shot_down_8
ff84c5b0 SEND_PUCK_POLAR                  ff984730 anim_slap_shot_down_6
ffd2f200 SEND_RAW_SOUND                   ff984970 anim_backhand_shot_up_1
ff811fc0 SETANIPU                         ff984970 anim_backhand_shot_up_5
ffd24630 SETPPROC                         ff984b60 anim_backhand_shot_up_2
ff8d8710 SETUP_PLAYERS                    ff984b60 anim_backhand_shot_up_4
ff800810 SETUP                            ff984b60 anim_backhand_shot_up_3
ff811b50 SET_ANIP                         ff984d40 anim_backhand_shot_up_7
ffd8d480 SET_COIN_ADJ                     ff984d40 anim_backhand_shot_up_6
ff810cd0 SET_FLIP                         ff984d40 anim_backhand_shot_up_8
ffb93b70 SET_GBHOP_SCRIPT                 ff984f20 anim_turbo_backhand_shot_up_1
ffb92f10 SET_GBLOCKER_SCRIPT              ff984f20 anim_turbo_backhand_shot_up_5
ffb93330 SET_GBODY_SCRIPT                 ff985110 anim_turbo_backhand_shot_up_2
ffb93e30 SET_GBSPLIT_SCRIPT               ff985110 anim_turbo_backhand_shot_up_3
ffb920c0 SET_GBUTTERFLY_SCRIPT            ff985110 anim_turbo_backhand_shot_up_4
ffb83d90 SET_GCCHECK_SCRIPT               ff9852f0 anim_turbo_backhand_shot_up_6
ffb822c0 SET_GCHECKED_SCRIPT              ff9852f0 anim_turbo_backhand_shot_up_8
ffb82450 SET_GCHEER_SCRIPT                ff9852f0 anim_turbo_backhand_shot_up_7
ffb82a20 SET_GCROUCHF_SCRIPT              ff9854d0 anim_tpass_1
ffb838e0 SET_GDEFLECT_SCRIPT              ff9854d0 anim_pass_5
ffb82890 SET_GDISGRACE_SCRIPT             ff9854d0 anim_pass_1
ffb835c0 SET_GDROPPASS_SCRIPT             ff9854d0 anim_tpass_5
ffb824c0 SET_GFRUST2_SCRIPT               ff9855e0 anim_pass_early_5
ffb82bb0 SET_GFRUST_SCRIPT                ff9855e0 anim_pass_early_1
ffb91ef0 SET_GFULLBUTT_SCRIPT             ff985680 anim_pass_3
ffb93cd0 SET_GGHOP_SCRIPT                 ff985680 anim_pass_4
ffb92990 SET_GGLOVE_SCRIPT                ff985680 anim_tpass_3
ffb938b0 SET_GGSKATE_SCRIPT               ff985680 anim_pass_2
ffb94000 SET_GGSPLIT_SCRIPT               ff985680 anim_tpass_2
ffb92db0 SET_GHGLOVE_SCRIPT               ff985680 anim_tpass_4
ffb83430 SET_GHOLDING_SCRIPT              ff985780 anim_pass_early_2
ffb82530 SET_GHUGPOST_SCRIPT              ff985780 anim_pass_early_4
ffb941d0 SET_GKO_SCRIPT                   ff985780 anim_pass_early_3
ffb92250 SET_GLPADST_SCRIPT               ff985820 anim_tpass_8
[...]
ffbc2e20 set_ref_skate_left_script        fff26790 NIEUWEN3P
ffbc2f30 set_ref_skate_right_norm_script  fff26b90 CASEY3P
ffbc2d10 set_ref_skate_right_script       fff26fa0 STEVENK3P
ffbc28a0 set_ref_stand_script             fff273b0 ZALAPSK3P
ffbc3150 set_ref_stop_left_right_script   fff27790 JANNEY3P
ff9a4e10 set_regular_run_script           fff27ba0 CAREY3P
ff9b2ef0 set_relaxed_fast_skate_script    fff27fb0 hp_haeger
ff9b3110 set_relaxed_stand_script         fff283c0 hp_dabel
ff969f30 set_rev_face_take_back_script    fff287d0 hp_tsui
ff944190 set_reverse_face_check_script    fff28be0 hp_martie
ff944030 set_reverse_face_spear_script    fff28fe0 hp_penac
ff9a3120 set_run_script                   fff293e0 hp_rohn
ff84e9c0 set_safe_puck_mode_a0            fff297f0 hp_boon
ff84e980 set_safe_puck_mode_a14           fff29c00 hp_davis
ff84e8c0 set_safe_puck_mode_a1            fff2a010 hp_baran
ff84e900 set_safe_puck_mode_a4            fff2a420 hp_cox
ff816c40 set_scrnobj_to_pos               fff2a830 hp_genti
ff816b50 set_scrnobj_to_pos_flips         fff2ac40 hp_davita
ffd2d7e0 set_select_tune                  fff2b050 hp_erlik
ff944450 set_shake_script                 fff2b460 hp_ferri
ff97cf20 set_shoot_early_script           fff2b870 hp_geer
ff9a6a60 set_skid_script                  fff2bc80 hp_goski
ff97bae0 set_slap_shot_down_script        fff2c070 hp_hedric
ff943950 set_slash_script                 fff2c480 hp_hey
ff97a910 set_spin_around_slapshot_script  fff2c880 hp_lynch
ff9b4ca0 set_stand_script                 fff2cc90 hp_micich
ff9442f0 set_steal_script                 fff2d0a0 hp_pesin
ff943ab0 set_swing_script                 fff2d4b0 hp_tiana
ffd2e830 set_track_priority               fff2d8c0 hp_tobias
ffd2e910 set_track_time                   fff2dcd0 hp_vini
ffd2eb00 set_track_volume                 fff2e0d0 hp_waldr
ffd2db30 set_tune_a0                      fff2e4d0 hp_booty
ffd2da00 set_tune_a0_safe                 fff2e8d0 hp_barber
ff97bcc0 set_turbo_back_shot_up_script    fff2ecd0 hp_carlto
ff97af40 set_turbo_backhand_script        fff2f0e0 hp_dassal
ff97b460 set_turbo_pass_script            fff2f4d0 hp_eddie
ff97d960 set_turbo_shoot_early_script     fff2f8e0 FAUJP
ff9780b0 set_turbo_shoot_script           fff2fcf0 hp_fedb
ff944f50 set_whack_goalie_script          fff30100 hp_fednj
ff97b720 set_wrist_shot_down_script       fff30510 hp_gay
ff97a5e0 set_wrist_shot_script            fff30920 hp_greene
ff8642b0 shad_do                          fff30d30 hp_haejh
fff650a0 shad_p                           fff31140 hp_jarvis
ffda2380 shadow3                          fff31550 hp_keen
ffae45d0 shaffer_heads                    fff31960 hp_lafred
ffab1990 shanahan_heads                   fff31d70 hp_lasko
ffae5250 shipp_heads                      fff32170 hp_lich
ffc10120 shoot_board_animate              fff32580 hp_macie
ffaa85a0 shoot_data_powered               fff32980 hp_man
ff86bf40 shoot_puck_sw                    fff32d80 hp_mdavis
ff86c770 shoot_puck                       fff33190 hp_medni
ff86f470 shoot_script_done_1              fff335a0 hp_new
ff86fea0 shoot_script_done_2              fff339b0 hp_ocean
ffb5ed00 show_at_least_timer              fff33db0 hp_oursle
0127ac50 show_puck_on_fire                fff341c0 hp_rohnj
ffb5ed60 show_timer                       fff345d0 hp_simsn
012834d0 side_brightness                  fff349e0 hp_skiles
ff877f50 signal_to_pass                   fff34df0 hp_tianar
ff8780b0 signal_to_shoot                  fff35200 hp_turm
ffadee50 simpson_heads                    fff35610 hp_wos
012a3cb0 skate_sound_type                 fff35a20 hp_valah
ff869cc0 skater_push                      fff35e30 hp_zab
ffae0750 skiles_heads                     fff36240 hp_lowe
ffaeddc0 slap_shot_sound                  fff36650 hp_metk
ffaed370 slide_to_reverse_sound           fff36a60 hp_bob
ffaed370 slide_to_stop_sound              fff36e70 hp_coo
ff84e190 slow_object_down                 fff37280 hp_correl
ff8a5e00 small_fire_inc                   fff37690 hp_sha
01000540 small_timer_on                   fff37aa0 hp_wil
ffd2ed00 sound_exec                       fff37ea0 hp_ship
01283b30 sound_store_c1                   fff382a0 hp_scott
01283b40 sound_store_c2                   fff386b0 hp_beach
01283b50 sound_store_fp                   fff38ac0 hp_foley
01283b20 sound_store_t1                   fff38ed0 hp_strong
ffbfc3b0 sp_avalanche                     fff392e0 hp_cooney
ffc03010 sp_none                          fff396f0 hp_cohen
ffd2ef10 speech_irq                       fff39b00 hp_daley
ffbc9fb0 spx_avalanche                    fff39f10 hp_johnsn
ffbca050 spx_change_in_lineup             fff3a320 hp_peter
ffbde3a0 spx_check_hit_boards             fff3a730 hp_tomson
ffbde7b0 spx_check_hit_elbow              fff3ab40 HP_HAEGOL
ffbde9f0 spx_check_hit_flying             fff3af50 BARMS01P
ffbde2e0 spx_check_hit_glass_only         fff3b360 BARMT01P
ffbde930 spx_check_hit_high               fff3b770 BOBMC01P
ffbde990 spx_check_hit_hip                fff3bb80 BOOME01P
ffbde810 spx_check_hit_push1              fff3bf90 BOOMM01P
ffbde870 spx_check_hit_push2              fff3c3a0 CARMJ01P
ffbde8d0 spx_check_hit_slash              fff3c7b0 COOMS01P
ffbd82f0 spx_faceoff_start                fff3cbc0 CORMS01P
ffbd9dd0 spx_faceoff_taken                fff3cfd0 COXMP01P
ffbddd20 spx_game_over                    fff3d3e0 DABMB01P
ffbd8930 spx_goal_faceoff                 fff3d7f0 DAVMM01P
ffbc9dd0 spx_gordie_picked                fff3dc00 DAVMW01P
ffbd72f0 spx_intercept_bounce             fff3e010 DEVMS01P
ffbd78c0 spx_intercept_control            fff3e410 EDDMB01P
ffbd7b80 spx_missed_shot                  fff3e820 ERLMN01P
ffbe2b00 spx_off_goalpost                 fff3ec30 FAUMJ01P
ffbca7d0 spx_one_minute                   fff3f040 FDNMJ01P
ffbd7f00 spx_one_timer                    fff3f450 FEDMB01P
ffbce7a0 spx_pass_1                       fff3f860 FERME01P
ffbcee50 spx_pass_2                       fff3fc70 GAYMR01P
ffbd84a0 spx_period_faceoff               fff40080 GEEME01P
ffbd92b0 spx_period_over1                 fff40490 GENMJ01P
ffbd9590 spx_period_over2                 fff408a0 GOSMT01P
ffbda090 spx_score                        fff40cb0 GRBMJ01P
ffbdbb30 spx_score_game_over              fff410c0 JACKM01P
ffbd14c0 spx_shot1                        fff414a0 HAEMJH01P
ffbd36c0 spx_shot2                        fff418b0 HEDMJ01P
ffbc9cc0 spx_spagetti                     fff41cc0 HEYMJ01P
ffbca140 spx_stanley_1                    fff420d0 JARME01P
ffbe2680 spx_steal                        fff424e0 KEEME01P
ffbca6d0 spx_ten_seconds                  fff428f0 LASMA01P
ffbc9bd0 spx_theres_the_octopus           fff42d00 LICMA01P
ffbca930 spx_tonights_matchup             fff43110 LOFMM01P
ffbc9ec0 spx_what_a_beauty                fff43520 LOWMJ01P
ffbd8cb0 spx_zone_faceoff                 fff43930 LYNMM01P
012ac3b0 stanley_data                     fff43d40 MANML01P
ff963e20 start_anim_if_not                fff44150 MARMM01P
ff8f4550 start_clip_running_us            fff44560 MECMR01P
ff899ae0 start_game_force_new_initials    fff44970 MEDMK01P
ff899ae0 start_game                       fff44d80 METMT01P
ff899ae0 start_game_awin                  fff45190 MICMD01P
ff9755b0 start_head_script                fff455a0 NEWMJ01P
ff963c70 start_lean_panim_if_not          fff459b0 OCEMM01P
ff963b10 start_lean_panim_if_not_ta14     fff45dc0 OURMS02P
ff9638d0 start_panim_if_not               fff461d0 PDSMA01P
ff9636f0 start_panim_if_not_ta14          fff465e0 PENMM01P
ffb5df70 start_timer                      fff469f0 PESMC01P
ffaeb1d0 steal_freed_sound                fff46e00 ROHMJ01P
ffaeb220 steal_made_sound                 fff47210 ROHMM01P
ffaeb1d0 steal_miss_sound                 fff47620 SHIMG01P
ffac4550 stevens_heads                    fff47a30 SIMMJ01P
ff92d8e0 stop_all_objects                 fff47e30 TIAMA01P
ff92d6c0 stop_attract_game_quick_SNDOK    fff48230 TIAMJ01P
ff92d690 stop_attract_game_quick          fff48640 TOBMJ01P
ff866bf0 stop_player                      fff48a50 TSUMJ01P
ffb5ec30 stop_timer                       fff48e60 TURMM01P
ff862a20 store_players_tired              fff49260 VALTD01P
ffd34ff0 string_center_constant           fff49670 VINMM01P
ffd34f10 string_left_constant             fff49a80 WILMK01P
ffd350d0 string_right_constant            fff49e90 WLDMM01P
ffae7190 strong_heads                     fff4a2a0 WOSMC01P
01000c70 stupid                           fff4a6a0 ZBDMD01P
ffac8a10 sundin_heads                     fff4aab0 SHAMR01P
ff871450 take_player_control              fff4aec0 HEATHE01P
ff8714d0 take_player_control_a7           fff4b2b0 REBECC01P
ff871550 take_player_control_m            fff4b690 MATM101P
ffd98320 take_puck_or_free_only           fff4baa0 PATM101P
ffd982d0 take_puck                        fff4beb0 SIDM101P
ffd9baa0 take_turbo                       fff4c2c0 JNCMA01P
012838f0 taps_ok                          fff4c6c0 KEVM101P
01282f60 team1_home                       fff4cad0 JOHMJ01P
01282f80 team1_score_P1                   fff4cee0 PETMJ01P
01282f20 team1                            fff4d2f0 THOMD01P
01282fb0 team1_score                      fff4d6f0 HOWE3P
01282f90 team1_score_P2                   fff4d900 EVILM01P
01282fa0 team1_score_P3                   fff4dd10 SKILESXP
01282f70 team2_home                       fff4e120 STAN128a
01282fc0 team2_score_P1                   fff4e930 GFONT10CP
01282fd0 team2_score_P2                   fff4ea00 FLASHP
01282ff0 team2_score                      fff4edf0 FRAME3
01282fe0 team2_score_P3                   fff4ef20 PIPESP
01282f30 team2                            fff4f020 FBOOM1
012a3b60 team_1_vidpal                    fff4f230 CIRCLERP
ffa75430 team_data                        fff50240 TRADMARKP
ffbfb240 team_name_tab                    fff51250 TURGEON3P
01283810 team_scored                      fff51a60 TOMMY01Px
01283460 teampal1                         fff51e50 OSGOOD3P
01283480 teampal2                         fff52260 FUHR3P
012a3d00 tenseconds                       fff52660 SASP1F01P
012a3d20 tenths                           fff52e50 HAFI1F01P
ffbfc770 the_team_name_tab                fff53660 STNCMP03P
ffaab590 thomas_heads                     fff53e60 HCLIPF01P
ffae9710 thompson_heads                   fff54650 SNUM01P
ffac7d90 tikkanen_heads                   fff54e20 SDAN2p
ffaea620 time_running_out_show            fff55620 LCHEER01P
01282e70 time_score_left                  fff56610 HBIGG01P
01282e90 time_score_right                 fff56e20 SBIGG01P
012a3d30 timer_ok                         fff57620 STANCUP2P
012a3d40 timer_on                         fff58620 STANTYPEP
ffab3290 tkachuk_heads                    fff592d0 VIDEOSP
ffad1390 tobias_heads                     fff593e0 CGRP1P
ffac3290 tocchet_heads                    fff597f0 SHAT2B01P
012ab9b0 toprecords                       fff59c00 WHAM2P
013cf860 track_0_last                     fff59e10 SAG10001P
013cf840 track_0_pri                      fff5a620 HFIREB01P
013cf850 track_0_time                     fff5ae30 SMSOI01P
013cf870 track_0_volume                   fff5b640 HITICEP
013cf8a0 track_1_last                     fff5be30 SPRAY106P
013cf880 track_1_pri                      fff5c040 PCKSCRN2P
013cf890 track_1_time                     fff5c450 trailp
013cf8b0 track_1_volume                   fff5c480 SMBRST01P
013cf8e0 track_2_last                     fff5c840 ALLBORD5
013cf8c0 track_2_pri                      fff5d830 PLAYBEN1x
013cf8d0 track_2_time                     fff5e790 CHICORN1
013cf8f0 track_2_volume                   fff5f720 SPRAY1p
013cf920 track_3_last                     fff5f7e0 BGBRSTP
013cf900 track_3_pri                      fff60780 FRAG01P
013cf910 track_3_time                     fff60b90 HAD16F01P
013cf930 track_3_volume                   fff61390 NEWGORD2
013cf960 track_4_last                     fff614d0 DISCLAI2P
013cf940 track_4_pri                      fff615e0 COOLGP16
013cf950 track_4_time                     fff616f0 FONTGRYP
013cf970 track_4_volume                   fff61850 arrp_pal
013cf9a0 track_5_last                     fff61960 arrb_pal
013cf980 track_5_pri                      fff61a70 arry_pal
013cf990 track_5_time                     fff61b80 arrg_pal
013cf9b0 track_5_volume                   fff61c90 scorep
01103be0 track_puck_data                  fff61d30 KCITYP
0127abe0 track_puck_pointer               fff61e40 BLCKHWK2P
fff5c450 trailp                           fff62250 KINGS3P
01103b10 trigger_puck_sound               fff62460 ANAHEIM1P
ffacdb50 tsui_heads                       fff62670 BOSTON1P
013cfa30 tune_address_1                   fff62880 BUFFALO1P
013cfa50 tune_address_2                   fff62a90 CALGARY1P
013cfa70 tune_address_3                   fff62ca0 DALLAS1P
013cfa90 tune_address_4                   fff62ea0 DETROIT1P
013cfab0 tune_address_5                   fff62fb0 EDMONTO1P
ff86f490 turbo_shoot_script_done_1        fff631c0 FLORIDA4P
ff86fea0 turbo_shoot_script_done_2        fff635d0 HARTFOR1P
ffac38d0 turgeon_heads                    fff637e0 MONTREA1P
ffae13d0 turmell_heads                    fff639f0 NEWJER1P
ff85c290 turn_all_arrows_long             fff63c00 NWYRKIS1P
ff85c520 turn_on_a0_arrow                 fff63e10 NWYRKRA1P
ff85c3e0 turn_on_players_arrow            fff63f20 OTTAWA1P
ff85c520 turn_on_receivers_arrow          fff64130 PHILADE1P
ff84a140 turn_puck_off                    fff64240 PITSBRG1P
ff84a090 turn_puck_on                     fff64450 SANJOSE1P
ffaed660 turn_sound                       fff64650 STLOUIS1P
ffaecd80 ul_check_sound                   fff64860 TORONTO1P
ffaecc50 up_check_sound                   fff64970 VANCOU1P
ff880910 update_drone_msgs                fff64b70 WASHING1P
ff884d20 update_turbo                     fff64d80 WINNPEGP
ff888a60 update_turbo_drone               fff64e90 TAMPA1P
ff884cb0 update_turbo_up                  fff650a0 shad_p
ffc14400 update_walls                     fff650d0 NEWBARx3
ffaecde0 ur_check_sound                   fff651b0 HOTNUM1
ffae2050 valvanis_heads                   fff65240 NAMEBARP
ffc061d0 video_10_clip                    fff65550 NAMEBAR2P
ffc063d0 video_11_clip                    fff65860 GRYTRBOP
ffc067b0 video_12_clip                    fff658b0 NMPUCK01P
ffc06bd0 video_13_clip                    fff660c0 PUCKPNT1P
ffc06ff0 video_14_clip                    fff661b0 GOALP
ffc07410 video_15_clip                    fff669c0 GFLM1P
ffc07830 video_16_clip                    fff678b0 GFLM2P
ffc08050 video_17_clip                    fff680c0 CYCLEGLP3
ffc083f0 video_18_clip                    fff681d0 PLYRBXP
ffc08c40 video_19_clip                    fff683e0 TRI
ffc03710 video_1_clip                     fff68490 GNUMS
ffc09320 video_20_clip                    fff684c0 PLAYERP
ffc09970 video_21_clip                    fff68500 PLAYERN
ffc0a0e0 video_22_clip                    fff68540 PLYRBCK2P
ffc0a670 video_23_clip                    fff68950 POSITP
ffc0af90 video_24_clip                    fff68980 GHLM5AP
ffc0b520 video_25_clip                    fff69190 CITYP
ffc0bb10 video_26_clip                    fff691d0 SCOREBAR
ffc0c370 video_27_clip                    fff695b0 OPICESM4P
ffc0c7e0 video_29_clip                    fff6a580 JITTERP
ffc03d30 video_2_clip                     fff6a7c0 PERIODP
ffc0cc00 video_30_clip                    fff6a8e0 SCORESP
ffc0d0c0 video_31_clip                    fff6a9d0 LEDSP
ffc0d4d0 video_32_clip                    fff6aae0 FLOATRCP
ffc0d6a0 video_33_clip                    fff6abf0 GRYBLOCKP
ffc044a0 video_3_clip                     fff6af50 HELPBK2P
ffc04c10 video_4_clip                     fff6af80 INSTRUCP
ffc053e0 video_5_clip                     fff6b010 TMBKPRPP
ffc05bb0 video_8_clip                     fff6b120 TEAMBX1P
ffad00d0 vinikour_heads                   fff6b360 SLVFRM07P
ffacfa90 waldron_heads                    fff6b6c0 CITYPURPP
ffc14240 wall_goal                        fff6b7a0 CITYBLUEP
ffad0710 wdavis_heads                     fff6b880 WESTFLGP
ffac1fd0 weight_heads                     fff6c090 EASTFLGP
01282e20 whack_goalie_count               fff6c8a0 PCKCRDXP
ffaea3f0 whoosh_show                      fff6cda0 METALP
ffae4c10 williams_heads                   fff6ceb0 METBEV2P
01283110 world_mt_point                   fff6d0c0 MARKSP
ffae1a10 woss_heads                       fff6d2d0 JOININP
ffaedd20 wrist_shot_sound                 fff6d310 FREEBOXP
ffd021c0 xscale_table                     fff6d3b0 onecolor
00024b80 xzy_offset                       fff6d3e0 BARPAL0
ffab06d0 yashin_heads                     fff6d4a0 TSLOGOP
ffab3f10 yzerman_heads                    fff6e4b0 DISCLAIMP
ffae0110 zab_heads                        fff6e5c0 NHLPALGOP
ffacc250 zalapski_heads                   fff6e9d0 NHLLOGO4P
ffd9bd90 zero_a8_y                        fff6ede0 SPARKP
ffac9690 zhamnov_heads                    fff6eea0 STAR301P
ffaea980 zone_faceoff_show                fff6f2f0 TOPICE02P
ffc6d7a0 zscale_100_100_table             fff6f6f0 HORBAR01P
ffc71940 zscale_100_102_table             fff6fee0 TOPBAR01P
ffc75ae0 zscale_100_104_table             fff706e0 STANLY01P
ffc3c420 zscale_100_106_table             fff70ae0 OCTOP01P
ffc69600 zscale_100_96_table              fff70ee0 ducks2p
ffc38280 zscale_100_98_table              fff710f0 BGFOLEY1P
ffc48900 zscale_102_100_table             fff71900 LTS0001P
ffc4caa0 zscale_102_102_table             fff71c40 BXLT01P
ffc405c0 zscale_102_96_table              fff71e00 BLOGO101P
ffc44760 zscale_102_97_table              fff725f0 BLOGO201P
ffc7de20 zscale_104_100_table             fff72e00 BCOLOmsk1
ffc81fc0 zscale_104_102_table             fff73ad0 SPRTEXP
ffc86160 zscale_104_104_table             fff73ee0 COACHP
ffc50c40 zscale_104_106_table             fff746f0 CLPWHST1P
ffc79c80 zscale_104_98_table              fff74ef0 CPLAY1P
ffc8a300 zscale_106_102_table             fff75000 CSTICK1P
ffc8e4a0 zscale_106_104_table             fff75410 COILOGO1P
ffc92640 zscale_108_100_table             fff75820 FRAMEA04P
ffc967e0 zscale_108_102_table             fff76030 BLUBARA2P
ffc9a980 zscale_108_104_table             fff76670 REDBAR2P
ffc9eb20 zscale_108_106_table             fff76dd0 FLASHA01P
ffca2cc0 zscale_119_119_table             fff775e0 COLORAD2P
ffcb3340 zscale_130_107_table             fff79fc0 MEN_PADJ
ffcb74e0 zscale_130_130_table             fff7a380 MEN_GADJ
ffccbd00 zscale_150_55_table              fff8aa60 DIPCOINTAB
ffcbb680 zscale_160_130_table             fff8aed0 USA_1
ffccfea0 zscale_200_200_table             fff8af00 USA_2
ffcc39c0 zscale_43_43_table               fff8af30 USA_3
ffca6e60 zscale_50_50_table               fff8af60 USA_4
ffcc7b60 zscale_52_43_table               fff8b050 USA_9
ffcab000 zscale_55_55_table               fff8b080 USA_10
ffcaf1a0 zscale_65_53_table               fff8b0c0 USA_ELECTITLE
ffcbf820 zscale_70_60_table               fff8b100 FRENCH_ELECTITLE
ffc1b720 zscale_80_68_table               fff8b160 GERMAN_ELECTITLE
ffc23a60 zscale_82_90_table               fff8b220 GERMAN_1
ffc1f8c0 zscale_84_77_table               fff8b270 GERMAN_2
ffc27c00 zscale_90_90_table               fff8b2c0 GERMAN_3
ffc2bda0 zscale_90_94_table               fff8b310 GERMAN_4
ffc340e0 zscale_96_106_table              fff8b360 GERMAN_5
ffc2ff40 zscale_96_96_table               fff8b3b0 FRENCH_1
ffc5d120 zscale_98_100_table              fff8b400 FRENCH_2
ffc612c0 zscale_98_102_table              fff8b450 FRENCH_3
ffc65460 zscale_98_104_table              fff8b4a0 FRENCH_4
ffc54de0 zscale_98_96_table               fff8b610 FRENCH_11
ffc58f80 zscale_98_98_table               fff8b660 FRENCH_12
ffcdd640 zybase_table                     fff922a0 edata

[2886 symbols]
