*****************************************************
TMS340 COFF Linker           Version 6.10
*****************************************************
Wed Apr 21 11:41:00 2021

OUTPUT FILE NAME:   <HHSYSTEM.rlo>
ENTRY POINT SYMBOL: 0


MEMORY CONFIGURATION

           name      origin     length     attributes     fill
         --------   --------   ---------   ----------   --------
         SCRATCH    01000000   0003f7300      RWIX      
         SCRATCH2   013f7300   000008d00      RWIX      
         IROM       02000000   000400000      RWIX      
         ROM        ff800000   0007a0000      RWIX      
         ROM2       ffff6f00   000008d00      RWIX      
         TRAP31     fffffc00   000000400      RWIX      


SECTION ALLOCATION MAP

 output                                  attributes/
section   page    origin      length       input sections
--------  ----  ----------  ----------   ----------------
VECTORS    0    fffffc00    00000000     UNINITIALIZED

IMAGES     0    02000000    00000000     UNINITIALIZED

OFIXED     0    01000000    00000000     UNINITIALIZED

.BSS       0    01000000    00000000     UNINITIALIZED

.bss       0    01000000    00128860     UNINITIALIZED
                  01000000    00003090     HHPALL.OBJ (.bss)
                  01003090    00120140     HHPROC.OBJ (.bss)
                  011231d0    00004410     HHSND.OBJ (.bss)
                  011275e0    00000020     HHUART.OBJ (.bss)
                  01127600    00000060     HHMATH.OBJ (.bss)
                  01127660    00001200     HHTEXT.OBJ (.bss)

.text      0    ff800000    00126af0     
                  ff800000    00107ac0     HHTABLES.OBJ (.text)
                  ff907ac0    00002400     HHUTIL.OBJ (.text)
                  ff909ec0    00001c30     HHPALL.OBJ (.text)
                  ff90baf0    00002970     HHPROC.OBJ (.text)
                  ff90e460    000001a0     --HOLE-- [fill = 0000ffff]
                  ff90e600    00007120     HHSND.OBJ (.text)
                  ff915720    00000010     HHUART.OBJ (.text)
                  ff915730    00003f40     HHMATH.OBJ (.text)
                  ff919670    00006fa0     HHTEXT.OBJ (.text)
                  ff920610    00002a30     HHMISC.OBJ (.text)
                  ff923040    000034d0     HHFADE.OBJ (.text)
                  ff926510    000005e0     HHTV.OBJ (.text)

.TEXT      0    ff800000    00000000     UNINITIALIZED

.data      0    ff926af0    000fc880     
                  ff926af0    00024a60     HHMATH.OBJ (.data)
                  ff94b550    00013a30     HHTEXT.OBJ (.data)
                  ff95ef80    000c43f0     IMGPAL.OBJ (.data)

.DATA      0    ff800000    00000000     UNINITIALIZED


GLOBAL SYMBOLS

address  name                             address  name
-------- ----                             -------- ----
01003090 ACTIVE                           0000001f FACTORY_MINVOL
UNDEFED  ADD_DUMP                         0000003f FACTORY_VOLUME
ffa083d0 ALLBORD5                         00024b80 xzy_offset
ffa0dff0 ANAHEIM1P                        01000000 MAX_PALXFERS
ff9c05f0 ANDREYC3P                        01001070 FREEPALCNT
UNDEFED  ANI                              01001080 WHITE_FLAG
UNDEFED  ANIMP                            01001090 BLACKPAL
ff9cc720 ARNOTT3P                         01003090 ACTIVE
UNDEFED  AUD1                             010030b0 FREE
ff90a100 A_CHANGE_PAL                     010030d0 PACTIVE
ff9e6ae0 BARMS01P                         010030f0 LASTPROC
ff9e6ef0 BARMT01P                         01003110 THISPROC
ffa18f70 BARPAL0                          01003130 THISWAKE
ffa1e990 BCOLOmsk1                        01003190 PFREECNT
ff9c0a00 BEAUPRE3P                        010031b0 TIMER
ff9ccb10 BELANGE3P                        010031c0 LAST_TIMER
ff9c7a60 BELFOUR3P                        011231d0 track_0_pri
ffa0b370 BGBRSTP                          011231e0 track_0_time
ffa1cc80 BGFOLEY1P                        011231f0 track_0_last
UNDEFED  BLACKOUT                         01123200 track_0_volume
01001090 BLACKPAL                         01123210 track_1_pri
ffa0d9d0 BLCKHWK2P                        01123220 track_1_time
ff908610 BLNKAREA                         01123230 track_1_last
ffa1d990 BLOGO101P                        01123240 track_1_volume
ffa1e180 BLOGO201P                        01123250 track_2_pri
ffa21bc0 BLUBARA2P                        01123260 track_2_time
ff9930a0 BLUEHELM1                        01123270 track_2_last
ff95e5e0 BLUTXT3P                         01123280 track_2_volume
ff95e5e0 BLUTXT5P                         01123290 track_3_pri
ff9e7300 BOBMC01P                         011232a0 track_3_time
ff9d1b30 BODGER3P                         011232b0 track_3_last
ff9c0e10 BONDRA3P                         011232c0 track_3_volume
ff9ce720 BONKA3P                          011232d0 track_4_pri
ff9e7710 BOOME01P                         011232e0 track_4_time
ff9e7b20 BOOMM01P                         011232f0 track_4_last
ffa0e200 BOSTON1P                         01123300 track_4_volume
ff9bddc0 BOURQUE3P                        01123310 track_5_pri
ff9b8960 BRADLEY3P                        01123320 track_5_time
ff9b8d70 BRINDAM3P                        01123330 track_5_last
ff9c7e70 BRODEUR3P                        01123340 track_5_volume
ffa0e410 BUFFALO1P                        01123350 last_track_used
ff9bb990 BURE3P                           01123360 current_tune
ff9c6e40 BURKE3P                          01123370 puck_ice_track
ffa1d7d0 BXLT01P                          01123380 puck_bounce_track
ffa0e620 CALGARY1P                        01123390 ice_skate_track
ff9d3730 CAREY3P                          011233a0 organ_track
ff9e7f30 CARMJ01P                         011233b0 crowd_track
ff9d2720 CASEY3P                          011233c0 tune_address_1
ff9c7240 CASSELS3P                        011233e0 tune_address_2
ffa04f70 CGRP1P                           01123400 tune_address_3
ff90a2b0 CHANGE_PAL                       01123420 tune_address_4
ff90a3c0 CHANGE_PAL_MULTI                 01123440 tune_address_5
ff9b7100 CHELIOS1P                        01123730 SOUND_RX
ff9c7650 CHEVELD3P                        01123740 raw_sound_buffer
ffa0a320 CHICORN1                         011275c0 raw_sound_pointer
ff9cc310 CICCARE3P                        01127660 STRNGRAM
ff9fadc0 CIRCLERP                         01127840 STRINGF_RAM
ff957f30 CIRCLER                          01128800 STRING1
ffa17330 CITYBLUEP                        01128820 STRING2
ffa14d20 CITYP                            01128840 STRING3
ffa17250 CITYPURPP                        ff800320 zscale_80_68_table
ff9c11d0 CLARK3P                          ff8044c0 zscale_84_77_table
ff909660 CLEAR_PAGE2                      ff808660 zscale_82_90_table
ff9097d0 CLEAR_PAGE3                      ff80c800 zscale_90_90_table
ff9cd710 CLEMIEU3P                        ff8109a0 zscale_90_94_table
ffa20280 CLPWHST1P                        ff814b40 zscale_96_96_table
ff909360 CLRBLOCK                         ff818ce0 zscale_96_106_table
ff90a950 CLRFPAL                          ff81ce80 zscale_100_98_table
ff90a730 CLRPAL                           ff821020 zscale_100_106_table
ff920570 CLRTEXT                          ff8251c0 zscale_102_96_table
ff909f20 CLR_0PALS                        ff829360 zscale_102_97_table
ff909480 CLR_SCRN                         ff82d500 zscale_102_100_table
ffa1fa70 COACHP                           ff8316a0 zscale_102_102_table
ff9cbf00 COFFEY3P                         ff835840 zscale_104_106_table
ffa20fa0 COILOGO1P                        ff8399e0 zscale_98_96_table
ffa23170 COLORAD2P                        ff83db80 zscale_98_98_table
ff920c20 COLOR_START                      ff841d20 zscale_98_100_table
UNDEFED  COLRTEMP                         ff845ec0 zscale_98_102_table
ffa0d170 COOLGP16                         ff84a060 zscale_98_104_table
ff9e8340 COOMS01P                         ff84e200 zscale_100_96_table
UNDEFED  COPY_OBJ                         ff8523a0 zscale_100_100_table
ff9ca6e0 CORKUM3P                         ff856540 zscale_100_102_table
ff9e8750 CORMS01P                         ff85a6e0 zscale_100_104_table
ff9c15e0 CORSON3P                         ff85e880 zscale_104_98_table
ff9d0760 COTE3P                           ff862a20 zscale_104_100_table
ff9e8b60 COXMP01P                         ff866bc0 zscale_104_102_table
ffa20a80 CPLAY1P                          ff86ad60 zscale_104_104_table
UNDEFED  CREATE_OBJ                       ff86ef00 zscale_106_102_table
ffa20b90 CSTICK1P                         ff8730a0 zscale_106_104_table
UNDEFED  CURPLYRS                         ff877240 zscale_108_100_table
ff921890 CYCLE16                          ff87b3e0 zscale_108_102_table
ff921df0 CYCLE16_1                        ff87f580 zscale_108_104_table
ff922210 CYCLE1                           ff883720 zscale_108_106_table
ffa13c50 CYCLEGLP3                        ff8878c0 zscale_119_119_table
ff9e8f70 DABMB01P                         ff88ba60 zscale_50_50_table
ff9bbd90 DAHLEN3P                         ff88fc00 zscale_55_55_table
ff9c19f0 DAIGLE3P                         ff893da0 zscale_65_53_table
ffa0e830 DALLAS1P                         ff897f40 zscale_130_107_table
ff9be1c0 DAMPHOS3P                        ff89c0e0 zscale_130_130_table
ff9e9380 DAVMM01P                         ff8a0280 zscale_160_130_table
ff9e9790 DAVMW01P                         ff8a4420 zscale_70_60_table
ff9146b0 DEBUG_SNDRST                     ff8a85c0 zscale_43_43_table
ff90a480 DELETE_PAL                       ff8ac760 zscale_52_43_table
ff90a500 DELPAL                           ff8b0900 zscale_150_55_table
ff9cef30 DESJARD3P                        ff8b4aa0 zscale_200_200_table
ffa0ea30 DETROIT1P                        ff8c2240 zybase_table
ff9e9ba0 DEVMS01P                         ff8e6dc0 xscale_table
UNDEFED  DICT_LOOKUP                      ff9032e0 fws_table
ffa0d060 DISCLAI2P                        ff903600 invscale_table
ffa1a040 DISCLAIMP                        ff907bc0 T2FIXED
UNDEFED  DISPLAYON                        ff907d60 MYOINIT
ff916020 DIV                              ff908170 RANDOM
ff908f30 DMAQWAIT                         ff9082a0 RANDU
ff908ee0 DMAWAIT                          ff908330 RAND0
ff923130 DONTFADE                         ff9083c0 SRAND
ff908770 DRAWBOX_OBJ                      ff908440 RANGRAND
ff920640 DUMCOLL                          ff908490 RANGERND
ff920610 DUMCRETS                         ff908530 RANDPER
ff920670 DUMPPRINT                        ff9085b0 FILLAREA
ff920760 DUMP_IT                          ff908610 BLNKAREA
ffa17c20 EASTFLGP                         ff908770 DRAWBOX_OBJ
ff9e9fa0 EDDMB01P                         ff908ee0 DMAWAIT
ffa0eb40 EDMONTO1P                        ff908f30 DMAQWAIT
ff9123a0 END_INTERMISSION_TUNE            ff9090c0 SCRCLR
ff9ea3b0 ERLMN01P                         ff909230 SETPPROC
ff9f9490 EVILM01P                         ff909360 CLRBLOCK
ff90d860 EXISTP                           ff909480 CLR_SCRN
ff90d7e0 EXISTP_ALL                       ff909660 CLEAR_PAGE2
0000001f FACTORY_MINVOL                   ff9097d0 CLEAR_PAGE3
0000003f FACTORY_VOLUME                   ff909e10 SLINEVEL
ff923220 FADEBLAK_TEXT                    ff909ec0 build_whitepal
ff9231a0 FADEBLAK                         ff909ed0 RESET_MAX_PALXFERS
ff923530 FADEFULL_TEXT                    ff909f20 CLR_0PALS
ff9239e0 FADEINF                          ff90a020 INC_PALCNT
ff923a50 FADEINS                          ff90a100 A_CHANGE_PAL
ff923790 FADEIN_ALLBUT1                   ff90a160 GET_PALID
ff923610 FADEIN                           ff90a2b0 CHANGE_PAL
ff923b20 FADEIN_TEXT                      ff90a3c0 CHANGE_PAL_MULTI
ff923ea0 FADEOUT_ALLBUT1                  ff90a480 DELETE_PAL
ff923fe0 FADEOUT_TEXT                     ff90a500 DELPAL
ff923dc0 FADEOUT                          ff90a570 FINDPAL
ff923f00 FADEOUTF                         ff90a700 INIT_PAL
ff923f70 FADEOUTS                         ff90a730 CLRPAL
ff9248b0 FADE_256_BLAK                    ff90a950 CLRFPAL
ff9248f0 FADE_256_IN                      ff90a9e0 GETFPAL
ff924b90 FADE_64_BLAK                     ff90aea0 FREEPAL
ff924b50 FADE_64_IN                       ff90b360 PALSET
ff9240c0 FADE_FULL2HALF                   ff90b5f0 PALTRANS
ff924130 FADE_FULL2HALFf                  ff90baf0 PRCDSP
ff923d50 FADE_HALF2BLAK                   ff90bd20 PRCSLP
ff923c70 FADE_HALF2FULLf                  ff90bd30 PRCLSP
ff923c00 FADE_HALF2FULL                   ff90c370 SUCIDE
ff923800 FADE_ONE                         ff90c5e0 PINIT
ff9246a0 FADE_ONLY                        ff90c820 KILL_AND_GETPPRC
ff923040 FADE_WAIT                        ff90c8a0 KILL_AND_GETPRC
ff9db470 FAUJP                            ff90c920 GETPPRC_OR_RETURN
ff9ea7c0 FAUMJ01P                         ff90c9f0 GETPRC_OR_RETURN
ff9fabb0 FBOOM1                           ff90ca90 PROCESS_FORK
ff9eabd0 FDNMJ01P                         ff90cb00 PPROCESS_FORK
ff9c8280 FEDEROV2P                        ff90cb50 GETPPRC
ff9eafe0 FEDMB01P                         ff90cbf0 GETPRC
ff9cdf30 FERARRO3P                        ff90d110 KILL
ff9eb3f0 FERME01P                         ff90d440 KILLPROC_ALL
ff9085b0 FILLAREA                         ff90d4b0 KILALL
ff90a570 FINDPAL                          ff90d7e0 EXISTP_ALL
ff9c1e00 FISET3P                          ff90d860 EXISTP
ffa22960 FLASHA01P                        ff90dcd0 GETA11
ff9fa590 FLASHP                           ff90dd00 GETA10
ff9bc1a0 FLEURY4P                         ff90dd30 GETA9
ffa16670 FLOATRCP                         ff90dd60 GETA8
ffa0ed50 FLORIDA4P                        ff90dd90 GETWAKE
ff953a40 FONT100                          ff90de50 PUTA11
ff953650 FONT101                          ff90de80 PUTA10
ff9536c0 FONT102                          ff90deb0 PUTA9
ff953730 FONT103                          ff90dee0 PUTA8
ff9537a0 FONT104                          ff90df10 PUTWAKE
ff953810 FONT105                          ff911fc0 kill_all_but_speech_tune
ff953880 FONT106                          ff912120 kill_all_sound_but_speech
ff9538f0 FONT107                          ff912160 kill_all_sound
ff953960 FONT108                          ff912380 set_intermission_tune
ff9539d0 FONT109                          ff9123a0 END_INTERMISSION_TUNE
ff94c990 FONT150                          ff9123c0 set_game_over_tune
ff94ca20 FONT151                          ff9123e0 set_select_tune
ff94cab0 FONT152                          ff912400 set_background_tune
ff94cb40 FONT153                          ff912600 set_tune_a0_safe
ff94cbd0 FONT154                          ff912730 set_tune_a0
ff94cc60 FONT155                          ff912830 do_sound_at_volume
ff94ccf0 FONT156                          ff912930 do_sound
ff94cd80 FONT157                          ff913430 set_track_priority
ff94ce10 FONT158                          ff9134a0 get_track_time
ff94cea0 FONT159                          ff913510 set_track_time
ff9514a0 FONT15COLON                      ff9135f0 cancel_track_sound
ff951c80 FONT15PER                        ff913690 get_track_volume
ff957e10 FONT17CRCLR                      ff913700 set_track_volume
ff957a90 FONT18QUE                        ff913830 send_track_volume
ff9502b0 FONT50                           ff913900 sound_exec
ff94f1a0 FONT510                          ff913b10 speech_irq
ff94edb0 FONT511                          ff913e00 SEND_RAW_SOUND
ff94ee20 FONT512                          ff9140f0 LINT2_SERVICE
ff94ee90 FONT513                          ff914320 SNDRES
ff94fec0 FONT51                           ff914510 QSNDRST
ff94ef00 FONT514                          ff9146b0 DEBUG_SNDRST
ff94ef70 FONT515                          ff9147c0 SET_VOLUME
ff94efe0 FONT516                          ff9149f0 SWITCH_VOLUME_UP
ff94f050 FONT517                          ff914a90 SWITCH_VOLUME_DOWN
ff94f0c0 FONT518                          ff915070 init_speech_buffer
ff94f130 FONT519                          ff915430 get_speech_time_remaining
ff94f210 FONT51EXC                        ff915610 add_speech_sound_or_time
ff94ff30 FONT52                           ff915630 add_speech_sound
ff94ffa0 FONT53                           ff915690 add_speech_time
ff950010 FONT54                           ff915720 INITIALIZE_UART
ff950080 FONT55                           ff915730 GETSIN
ff9500f0 FONT56                           ff915880 GETCOS
ff950160 FONT57                           ff915b40 GETATAN
ff9501d0 FONT58                           ff915bb0 get_correct_y_velocity
ff950240 FONT59                           ff915cb0 SQUARE
ffa0d280 FONTGRYP                         ff915da0 MULT
ff95e480 FONTGRYP2                        ff915da0 QMULT
UNDEFED  FPALRAM                          ff915e90 SAFEMULT
ffa0c310 FRAG01P                          ff916020 DIV
ff9fa980 FRAME3                           ff9160d0 SAFEDIV
ffa213b0 FRAMEA04P                        ff916190 SQUARE_ROOT
ffa18ea0 FREEBOXP                         ff9161d0 SQROOT
ff90aea0 FREEPAL                          ff916370 polar_to_rect
01001070 FREEPALCNT                       ff9164a0 rect_to_dir
010030b0 FREE                             ff916530 rect_to_polar
ff9241a0 FROZE_FADE_FULL2HALF             ff916b50 find_dis_to_point_whole
ff923ce0 FROZE_FADE_HALF2FULL             ff916cb0 find_dsquared_to_point_whole
ff9fddf0 FUHR3P                           ff916df0 find_dsquared_to_point_whole_a1
UNDEFED  F_ADC_S                          ff916f20 dir_to_182
ff925830 FadeIn                           ff917140 find_dir_to_point_18
ff9cbaf0 GAGNER3P                         ff9176e0 dir_to_1357
UNDEFED  GAMERASE                         ff917c70 dir_to_18
UNDEFED  GAME_STATE                       ff918200 find_dir_to_point
UNDEFED  GANIOF                           ff918240 find_dirdis_to_point
ff9eb800 GAYMR01P                         ff918280 dir_to_degrees
ff9ebc10 GEEME01P                         ff918400 predict_obj
ff9ec020 GENMJ01P                         ff9184e0 set_obj_to_polar_p
ff90dd00 GETA10                           ff918870 set_obj_to_polar_v
ff90dcd0 GETA11                           ff9189c0 set_obj_to_polar
ff90dd60 GETA8                            ff918a90 set_obj_to_rect
ff90dd30 GETA9                            ff918b60 move_to_speed_x
UNDEFED  GETAFARG_LONG                    ff918c50 find_angle_difference
ff915b40 GETATAN                          ff918da0 find_closest_distance_1o
ff915880 GETCOS                           ff918f20 find_closest_distance
ff90a9e0 GETFPAL                          ff919090 find_closest_dist_r
UNDEFED  GETOBJ                           ff919430 find_cdist_angle
ff90c920 GETPPRC_OR_RETURN                ff919670 PRINTF
ff90cb50 GETPPRC                          ff919750 STRLNRM
ff90c9f0 GETPRC_OR_RETURN                 ff9197f0 STRCNRM
ff90cbf0 GETPRC                           ff919890 STRRNRM
ff915730 GETSIN                           ff919930 STRCNRM2
ff90dd90 GETWAKE                          ff919b10 string_left_constant
UNDEFED  GET_ADJ                          ff919b10 STRLNRMO
UNDEFED  GET_AUD                          ff919bf0 string_center_constant
ff90a160 GET_PALID                        ff919bf0 STRCNRMO
UNDEFED  GET_SCALED_SIZE                  ff919cd0 STRRNRMO
ffa12550 GFLM1P                           ff919cd0 string_right_constant
ffa13440 GFLM2P                           ff919f90 STRLNCF
ff9fa4c0 GFONT10CP                        ff91a030 STRRNCF
ffa14510 GHLM5AP                          ff91a0d0 STRLNCOF
ff9b7d30 GILMOURP                         ff91a290 STRCNCOF
ff95e740 GLDTXT1P                         ff91a450 STRCNCO
ff95e740 GLDTXT5P                         ff91a530 STRCNCONV
ffa14020 GNUMS                            ff91a610 STRLNCONV
ffa11d40 GOALP                            ff91a6e0 STRRNCONV
ff9234b0 GONORMAL                         ff91a7b0 STRLNRMS
ff9ec430 GOSMT01P                         ff91a850 STRCNRMS
ff923430 GOWHITE                          ff91aa30 STRCNRMOS
ff9ec840 GRBMJ01P                         ff91adb0 STRLNCONV_SCALE
ff9bc590 GRETZKY4P                        ff91cc30 STRINGF
ff95e8a0 GRNTXT3P                         ff91ef20 STRNGLEN
ff95e8a0 GRNTXT5P                         ff91f410 HEXTOASC
ffa16780 GRYBLOCKP                        ff91f920 HTOHXASC
ffa113f0 GRYTRBOP                         ff920390 L_MESS
ff95a420 H10FONT                          ff9204d0 LM_SETUP
ff95b000 H11WFONT                         ff920530 LM_PRINTF
ff95c7c0 H18FONT                          ff920570 CLRTEXT
ff95bbe0 H18TFONT                         ff920610 DUMCRETS
ff95d3a0 H50FONT                          ff920640 DUMCOLL
ffa0c720 HAD16F01P                        ff920670 DUMPPRINT
ff9ed030 HAEMJH01P                        ff920760 DUMP_IT
ff9fe9e0 HAFI1F01P                        ff920c20 COLOR_START
ff9cff40 HAMRLIK3P                        ff921890 CYCLE16
ffa0f160 HARTFOR1P                        ff921df0 CYCLE16_1
ff993850 HASEK1P                          ff922210 CYCLE1
ff9c2210 HASEK3P                          ff9224e0 SKYUP
ff9b9180 HATCHER3P                        ff922710 SKYDOWN
ff9d0f40 HAWERCH3P                        ff9229a0 SKYWHITE
ffa021a0 HBIGG01P                         ff922bf0 SKYNORM
ff9ff9f0 HCLIPF01P                        ff923040 FADE_WAIT
ff9f6a50 HEATHE01P                        ff923130 DONTFADE
ff9c5220 HEBERT3P                         ff9231a0 FADEBLAK
ff9ed440 HEDMJ01P                         ff923220 FADEBLAK_TEXT
ffa16ae0 HELPBK2P                         ff923430 GOWHITE
ff9c5620 HEXTALL3P                        ff9234b0 GONORMAL
ff91f410 HEXTOASC                         ff923530 FADEFULL_TEXT
ff9ed850 HEYMJ01P                         ff923610 FADEIN
ffa061b0 HFIREB01P                        ff923790 FADEIN_ALLBUT1
ffa071d0 HITICEP                          ff923800 FADE_ONE
ffa1b280 HORBAR01P                        ff9239e0 FADEINF
ffa10d40 HOTNUM1                          ff923a50 FADEINS
ff9cb2f0 HOUSLEY3P                        ff923b20 FADEIN_TEXT
ff9f9280 HOWE3P                           ff923c00 FADE_HALF2FULL
ff9e66d0 HP_HAEGOL                        ff923c70 FADE_HALF2FULLf
ff9c5a20 HRUDEY3P                         ff923ce0 FROZE_FADE_HALF2FULL
ff91f920 HTOHXASC                         ff923d50 FADE_HALF2BLAK
ff9c8ea0 HULLP                            ff923dc0 FADEOUT
UNDEFED  IAUTOE                           ff923ea0 FADEOUT_ALLBUT1
ff90a020 INC_PALCNT                       ff923f00 FADEOUTF
ff915720 INITIALIZE_UART                  ff923f70 FADEOUTS
ff90a700 INIT_PAL                         ff923fe0 FADEOUT_TEXT
UNDEFED  INSOBJ                           ff9240c0 FADE_FULL2HALF
UNDEFED  INSPART                          ff924130 FADE_FULL2HALFf
ffa16b10 INSTRUCP                         ff9241a0 FROZE_FADE_FULL2HALF
UNDEFED  INVELADD                         ff9246a0 FADE_ONLY
ff9c5e30 IRBE3P                           ff9248b0 FADE_256_BLAK
ff9947d0 IRBPAL1                          ff9248f0 FADE_256_IN
UNDEFED  IRQSKYE                          ff924b50 FADE_64_IN
ff9ecc50 JACKM01P                         ff924b90 FADE_64_BLAK
ff9be5d0 JAGR3P                           ff925830 FadeIn
ff9d3320 JANNEY3P                         ff926510 TVBP
ff9edc60 JARME01P                         ff926620 TVBPX
ffa16110 JITTERP                          ff9267a0 ROMTRAP
ff9f7e50 JNCMA01P                         ff9267b0 TVPATCH
ff9f8660 JOHMJ01P                         ff926af0 TVPATCHX
ffa18e60 JOININP                          ff94c990 FONT150
ff9c6230 JOSEPH3P                         ff94ca20 FONT151
ff9b9570 JUNEAU3P                         ff94cab0 FONT152
ff9bc9a0 KARIYA3P                         ff94cb40 FONT153
ffa0d8c0 KCITYP                           ff94cbd0 FONT154
ff9ee070 KEEME01P                         ff94cc60 FONT155
ff9f8250 KEVM101P                         ff94ccf0 FONT156
ff9c6630 KIDD3P                           ff94cd80 FONT157
ff90d4b0 KILALL                           ff94ce10 FONT158
ff90d440 KILLPROC_ALL                     ff94cea0 FONT159
ff90d110 KILL                             ff94edb0 FONT511
ff90c820 KILL_AND_GETPPRC                 ff94ee20 FONT512
ff90c8a0 KILL_AND_GETPRC                  ff94ee90 FONT513
UNDEFED  KILOBJ_ALL                       ff94ef00 FONT514
ff9d1f30 KING3P                           ff94ef70 FONT515
ffa0dde0 KINGS3P                          ff94efe0 FONT516
ff9b9950 KLIMA3P                          ff94f050 FONT517
ff9bcdb0 KORVERS3P                        ff94f0c0 FONT518
ff9bd190 KRAVCHK3P                        ff94f130 FONT519
ff9bd5a0 KURRI3P                          ff94f1a0 FONT510
ff9c6a40 LACHER3P                         ff94f210 FONT51EXC
ff9be9e0 LAFONTN3P                        ff94fec0 FONT51
ff9ee480 LASMA01P                         ff94ff30 FONT52
010030f0 LASTPROC                         ff94ffa0 FONT53
010031c0 LAST_TIMER                       ff950010 FONT54
ffa011b0 LCHEER01P                        ff950080 FONT55
ffa16560 LEDSP                            ff9500f0 FONT56
ff9ce330 LEETCH3P                         ff950160 FONT57
ff9ee890 LICMA01P                         ff9501d0 FONT58
ff9c92b0 LINDEN3P                         ff950240 FONT59
ff9b9d50 LINDROS3P                        ff9502b0 FONT50
ff9140f0 LINT2_SERVICE                    ff9514a0 FONT15COLON
ff920530 LM_PRINTF                        ff951c80 FONT15PER
ff9204d0 LM_SETUP                         ff953650 FONT101
ff9eeca0 LOFMM01P                         ff9536c0 FONT102
ff9ef0b0 LOWMJ01P                         ff953730 FONT103
ff9b7080 LSTNME1P                         ff9537a0 FONT104
ff9b70c0 LSTNME2P                         ff953810 FONT105
ffa1d490 LTS0001P                         ff953880 FONT106
ff9ef4c0 LYNMM01P                         ff9538f0 FONT107
ff920390 L_MESS                           ff953960 FONT108
ff9ba160 MACLEAN3P                        ff9539d0 FONT109
ff9ef8d0 MANML01P                         ff953a40 FONT100
ffa18c50 MARKSP                           ff957a90 FONT18QUE
ff9efce0 MARMM01P                         ff957e10 FONT17CRCLR
ff9f7220 MATM101P                         ff957f30 CIRCLER
01000000 MAX_PALXFERS                     ff957fc0 RD5FONT
ff9c4620 MCLEAN3P                         ff958ba0 RD7FONT
ff9c4a10 MCLENN3P                         ff959780 RD15FONT
ff9f00f0 MECMR01P                         ff95a420 H10FONT
ff9f0500 MEDMK01P                         ff95b000 H11WFONT
ff9ba570 MELLANB3P                        ff95bbe0 H18TFONT
ff9ba980 MESSIER3P                        ff95c7c0 H18FONT
ffa18930 METALP                           ff95d3a0 H50FONT
ffa18a40 METBEV2P                         ff95e0d0 SUFFIX_S
ff9f0910 METMT01P                         ff95e0d8 SUFFIX_NULL
ff9f0d20 MICMD01P                         ff95e1a0 TEXTPAL
ff9cf320 MLEMIEU4P                        ff95e480 FONTGRYP2
ff9c8aa0 MODANO1P                         ff95e5e0 BLUTXT5P
ff9bedf0 MOGILNY3P                        ff95e5e0 BLUTXT3P
ffa0f370 MONTREA1P                        ff95e740 GLDTXT1P
ff9c4e20 MOOG3P                           ff95e740 GLDTXT5P
ff9c96c0 MULLER3P                         ff95e8a0 GRNTXT5P
ff915da0 MULT                             ff95e8a0 GRNTXT3P
ff9c9ac0 MURPHY3P                         ff95ea00 PRPTXT3P
ff907d60 MYOINIT                          ff95ea00 PRPTXT5P
ff9d1340 M_MAKAROP                        ff95eb60 REDTXT3P
ffa110e0 NAMEBAR2P                        ff95ecc0 REDTXT4P
ffa10dd0 NAMEBARP                         ff95ee20 ORGTXT1P
ff9bad90 NEDVED3P                         ff95ef80 hp_juneu
ff9bf1f0 NEELY3P                          ff95ff90 hp_muller
ffa10c60 NEWBARx3                         ff960fa0 hp_bondra
ffa0cf20 NEWGORD2                         ff961fb0 hp_clark
ffa0f580 NEWJER1P                         ff962fc0 hp_klima
ff9f1130 NEWMJ01P                         ff963fd0 hp_recchi
ffa1a560 NHLLOGO4P                        ff964fe0 hp_Cassel
ffa1a150 NHLPALGOP                        ff965ff0 hp_daigle
ff9c9ec0 NICHOLL3P                        ff967000 hp_andrey
ff9d2320 NIEUWEN3P                        ff968010 hp_nichol
ffa11440 NMPUCK01P                        ff969020 hp_bure
ff9a58f0 NOL0001P                         ff96a030 hp_linden
ff9cf730 NOLAN3P                          ff96b040 hp_fleury
ffa0f790 NWYRKIS1P                        ff96c050 hp_gretzk
ffa0f9a0 NWYRKRA1P                        ff96d060 hp_tkachk
ff9caae0 OATES3P                          ff96e070 hp_hatchp
ff9f1540 OCEMM01P                         ff96f080 hp_yzermn
ffa1c670 OCTOP01P                         ff970090 hp_modano
UNDEFED  OINIT                            ff9710a0 hp_ozolin
ffa15140 OPICESM4P                        ff9720b0 hp_mellan
ff95ee20 ORGTXT1P                         ff9730c0 hp_messie
ff9fd9e0 OSGOOD3P                         ff9740d0 hp_mogily
ffa0fab0 OTTAWA1P                         ff9750e0 hp_murphy
ff9f1950 OURMS02P                         ff9760f0 hp_neely
ff9bd9b0 OZOLINS3P                        ff977100 hp_neved
010030d0 PACTIVE                          ff978110 hp_robati
UNDEFED  PALRAM                           ff979120 hp_sakic
ff90b360 PALSET                           ff97a130 hp_sandrs
ff90b5f0 PALTRANS                         ff97b140 hp_thomas
ff9f7630 PATM101P                         ff97c100 hp_yashin
ffa18430 PCKCRDXP                         ff97d110 hp_federo
ffa07bd0 PCKSCRN2P                        ff97e120 hp_gilmor
ff9f1d60 PDSMA01P                         ff97f130 hp_shanah
ff9f2170 PENMM01P                         ff980140 hp_hull
ffa16350 PERIODP                          ff981150 hp_selan
ff9f2580 PESMC01P                         ff982160 hp_kurri
ff9f8a70 PETMJ01P                         ff983170 hp_kariya
01003190 PFREECNT                         ff984180 hp_kurver
ffa0fcc0 PHILADE1P                        ff985190 hp_kravch
ff90c5e0 PINIT                            ff9861a0 hp_corson
ff9faab0 PIPESP                           ff9871b0 hp_dahlen
ffa0fdd0 PITSBRG1P                        ff9881c0 hp_chelio
ff9caef0 PLANTE3P                         ff9891d0 hp_richer
ffa093c0 PLAYBEN1x                        ff98a1e0 hp_bridam
ffa14090 PLAYERN                          ff98b1f0 hp_bradle
ffa14050 PLAYERP                          ff98c200 hp_bourqu
ffa140d0 PLYRBCK2P                        ff98d210 hp_dampho
ffa13d60 PLYRBXP                          ff98e220 hp_jagr
ffa144e0 POSITP                           ff98f060 hp_lafont
ff9c2e30 POTVIN3P                         ff990070 hp_lindro
ff90cb00 PPROCESS_FORK                    ff991080 hp_mclean
ff90baf0 PRCDSP                           ff992090 hp_roenic
ff90bd30 PRCLSP                           ff9930a0 BLUEHELM1
ff90bd20 PRCSLP                           ff993850 HASEK1P
ff919670 PRINTF                           ff994010 WARBELF1
ff90ca90 PROCESS_FORK                     ff9947d0 IRBPAL1
ff95ea00 PRPTXT3P                         ff994fe0 hp_cicc
ff95ea00 PRPTXT5P                         ff995ff0 hp_coff
ffa11c50 PUCKPNT1P                        ff997000 hp_cork
UNDEFED  PUCK_INTENDED                    ff998010 hp_hawer
UNDEFED  PUCK_MODE                        ff999020 hp_leetch
UNDEFED  PULL_ANIM                        ff99a030 hp_sundin
ff9c3230 PUPPA3P                          ff99b040 hp_tikka
ff90de80 PUTA10                           ff99c050 hp_tocc
ff90de50 PUTA11                           ff99d060 hp_savard
ff90dee0 PUTA8                            ff99e070 hp_lemuie
ff90deb0 PUTA9                            ff99e880 hp_renber
ff90df10 PUTWAKE                          ff99f890 hp_belan
UNDEFED  PUT_ADJ                          ff9a08a0 hp_cote
UNDEFED  QDMAN                            ff9a18b0 hp_ferr
UNDEFED  QDMAN2                           ff9a28c0 hp_weight
ff915da0 QMULT                            ff9a38d0 hp_oats
ff914510 QSNDRST                          ff9a48e0 hp_hamrli
ff908330 RAND0                            ff9a58f0 NOL0001P
ff908170 RANDOM                           ff9a6900 hp_gagner
ff908530 RANDPER                          ff9a7910 hp_arnot
UNDEFED  RAND                             ff9a7f90 hp_zham
ff9082a0 RANDU                            ff9a8fa0 hp_turgeo
ff9c3640 RANFORD3P                        ff9a9fb0 hp_bonk
ff908490 RANGERND                         ff9aafc0 hp_mario
ff908440 RANGRAND                         ff9abfd0 hp_niewe
ff959780 RD15FONT                         ff9acfe0 hp_housle
ff957fc0 RD5FONT                          ff9adff0 hp_king
ff958ba0 RD7FONT                          ff9af000 hp_bodger
ff9f6e40 REBECC01P                        ff9b0010 hp_steve
ff9ca2d0 RECCHI3P                         ff9b1020 hp_makarv
ffa22200 REDBAR2P                         ff9b2030 hp_plant
ff95eb60 REDTXT3P                         ff9b3040 hp_desjar
ff95ecc0 REDTXT4P                         ff9b4050 hp_janney
ff9ceb20 RENBERG3P                        ff9b5060 hp_ksteve
ff909ed0 RESET_MAX_PALXFERS               ff9b6070 ZAP0002P
ff9bb180 RICHER3P                         ff9b7080 LSTNME1P
ff9c3a30 RICHTER3P                        ff9b70c0 LSTNME2P
ff9bf5e0 ROBITAI3P                        ff9b7100 CHELIOS1P
ff9b7510 ROENICK1P                        ff9b7510 ROENICK1P
ff9f2990 ROHMJ01P                         ff9b7920 SHNAHNP
ff9f2da0 ROHMM01P                         ff9b7d30 GILMOURP
ff9267a0 ROMTRAP                          ff9b8140 TKACHUKP
ff9c3e40 ROY3P                            ff9b8550 SELANNEP
ff9160d0 SAFEDIV                          ff9b8960 BRADLEY3P
ff915e90 SAFEMULT                         ff9b8d70 BRINDAM3P
ffa059a0 SAG10001P                        ff9b9180 HATCHER3P
ff9bf9f0 SAKIC3P                          ff9b9570 JUNEAU3P
ff9bfde0 SANDRSN3P                        ff9b9950 KLIMA3P
ffa0ffe0 SANJOSE1P                        ff9b9d50 LINDROS3P
ff9fe1f0 SASP1F01P                        ff9ba160 MACLEAN3P
ff9cb700 SAVARD3P                         ff9ba570 MELLANB3P
ffa029b0 SBIGG01P                         ff9ba980 MESSIER3P
ffa14d60 SCOREBAR                         ff9bad90 NEDVED3P
ffa16470 SCORESP                          ff9bb180 RICHER3P
ff9090c0 SCRCLR                           ff9bb590 THOMAS3P
ffa009b0 SDAN2p                           ff9bb990 BURE3P
ff9b8550 SELANNEP                         ff9bbd90 DAHLEN3P
ff913e00 SEND_RAW_SOUND                   ff9bc1a0 FLEURY4P
ff909230 SETPPROC                         ff9bc590 GRETZKY4P
ff9147c0 SET_VOLUME                       ff9bc9a0 KARIYA3P
ff9f6640 SHAMR01P                         ff9bcdb0 KORVERS3P
ffa05380 SHAT2B01P                        ff9bd190 KRAVCHK3P
ff9f31b0 SHIMG01P                         ff9bd5a0 KURRI3P
ff9b7920 SHNAHNP                          ff9bd9b0 OZOLINS3P
ff9f7a40 SIDM101P                         ff9bddc0 BOURQUE3P
ff9f35c0 SIMMJ01P                         ff9be1c0 DAMPHOS3P
ff9f98a0 SKILESXP                         ff9be5d0 JAGR3P
UNDEFED  SKYCOLOR                         ff9be9e0 LAFONTN3P
ff922710 SKYDOWN                          ff9bedf0 MOGILNY3P
ff922bf0 SKYNORM                          ff9bf1f0 NEELY3P
ff9224e0 SKYUP                            ff9bf5e0 ROBITAI3P
ff9229a0 SKYWHITE                         ff9bf9f0 SAKIC3P
ff909e10 SLINEVEL                         ff9bfde0 SANDRSN3P
ffa16ef0 SLVFRM07P                        ff9c01e0 YASHIN3P
ffa08010 SMBRST01P                        ff9c05f0 ANDREYC3P
ffa069c0 SMSOI01P                         ff9c0a00 BEAUPRE3P
ff914320 SNDRES                           ff9c0e10 BONDRA3P
ffa001e0 SNUM01P                          ff9c11d0 CLARK3P
UNDEFED  SOUNDSUP                         ff9c15e0 CORSON3P
01123730 SOUND_RX                         ff9c19f0 DAIGLE3P
ffa1a970 SPARKP                           ff9c1e00 FISET3P
ffa079c0 SPRAY106P                        ff9c2210 HASEK3P
ffa0b2b0 SPRAY1p                          ff9c2620 VERNON3P
ffa1f660 SPRTEXP                          ff9c2a20 WREGGET3P
ff9161d0 SQROOT                           ff9c2e30 POTVIN3P
ff915cb0 SQUARE                           ff9c3230 PUPPA3P
ff916190 SQUARE_ROOT                      ff9c3640 RANFORD3P
ff9083c0 SRAND                            ff9c3a30 RICHTER3P
ff9f9cb0 STAN128a                         ff9c3e40 ROY3P
ffa031b0 STANCUP2P                        ff9c4210 VANBIES3P
ffa1c270 STANLY01P                        ff9c4620 MCLEAN3P
ffa041b0 STANTYPEP                        ff9c4a10 MCLENN3P
ffa1aa30 STAR301P                         ff9c4e20 MOOG3P
ff9d2b30 STEVENK3P                        ff9c5220 HEBERT3P
ff9cdb20 STEVENS3P                        ff9c5620 HEXTALL3P
ffa101e0 STLOUIS1P                        ff9c5a20 HRUDEY3P
ff9ff1f0 STNCMP03P                        ff9c5e30 IRBE3P
ff91a450 STRCNCO                          ff9c6230 JOSEPH3P
ff91a290 STRCNCOF                         ff9c6630 KIDD3P
ff91a530 STRCNCONV                        ff9c6a40 LACHER3P
ff919930 STRCNRM2                         ff9c6e40 BURKE3P
ff919bf0 STRCNRMO                         ff9c7240 CASSELS3P
ff91a850 STRCNRMS                         ff9c7650 CHEVELD3P
ff91aa30 STRCNRMOS                        ff9c7a60 BELFOUR3P
ff9197f0 STRCNRM                          ff9c7e70 BRODEUR3P
01128800 STRING1                          ff9c8280 FEDEROV2P
01128820 STRING2                          ff9c8690 YZERMAN2P
01128840 STRING3                          ff9c8aa0 MODANO1P
01127840 STRINGF_RAM                      ff9c8ea0 HULLP
ff91cc30 STRINGF                          ff9c92b0 LINDEN3P
ff919f90 STRLNCF                          ff9c96c0 MULLER3P
ff91a0d0 STRLNCOF                         ff9c9ac0 MURPHY3P
ff91a610 STRLNCONV                        ff9c9ec0 NICHOLL3P
ff91adb0 STRLNCONV_SCALE                  ff9ca2d0 RECCHI3P
ff919b10 STRLNRMO                         ff9ca6e0 CORKUM3P
ff919750 STRLNRM                          ff9caae0 OATES3P
ff91a7b0 STRLNRMS                         ff9caef0 PLANTE3P
ff91ef20 STRNGLEN                         ff9cb2f0 HOUSLEY3P
01127660 STRNGRAM                         ff9cb700 SAVARD3P
ff91a030 STRRNCF                          ff9cbaf0 GAGNER3P
ff91a6e0 STRRNCONV                        ff9cbf00 COFFEY3P
ff919890 STRRNRM                          ff9cc310 CICCARE3P
ff919cd0 STRRNRMO                         ff9cc720 ARNOTT3P
UNDEFED  STRT_ANIM                        ff9ccb10 BELANGE3P
ff9cd320 STURGE03P                        ff9ccf10 TOCCHET3P
ff90c370 SUCIDE                           ff9cd320 STURGE03P
ff95e0d8 SUFFIX_NULL                      ff9cd710 CLEMIEU3P
ff95e0d0 SUFFIX_S                         ff9cdb20 STEVENS3P
ff9d0350 SUNDINP                          ff9cdf30 FERARRO3P
UNDEFED  SUPPLSTSX                        ff9ce330 LEETCH3P
UNDEFED  SUPPLSTS                         ff9ce720 BONKA3P
UNDEFED  SW2TEMP1                         ff9ceb20 RENBERG3P
UNDEFED  SW2TEMP2                         ff9cef30 DESJARD3P
ff914a90 SWITCH_VOLUME_DOWN               ff9cf320 MLEMIEU4P
ff9149f0 SWITCH_VOLUME_UP                 ff9cf730 NOLAN3P
ff907bc0 T2FIXED                          ff9cfb40 TIKKANE3P
ffa10a20 TAMPA1P                          ff9cff40 HAMRLIK3P
ffa16cb0 TEAMBX1P                         ff9d0350 SUNDINP
ff95e1a0 TEXTPAL                          ff9d0760 COTE3P
01003110 THISPROC                         ff9d0b40 ZHAMNOV3P
01003130 THISWAKE                         ff9d0f40 HAWERCH3P
ff9bb590 THOMAS3P                         ff9d1340 M_MAKAROP
ff9f8e80 THOMD01P                         ff9d1720 WEIGHT3P
ff9f39c0 TIAMA01P                         ff9d1b30 BODGER3P
ff9f3dc0 TIAMJ01P                         ff9d1f30 KING3P
ff9cfb40 TIKKANE3P                        ff9d2320 NIEUWEN3P
UNDEFED  TIMEINT                          ff9d2720 CASEY3P
010031b0 TIMER                            ff9d2b30 STEVENK3P
ff9b8140 TKACHUKP                         ff9d2f40 ZALAPSK3P
ffa16ba0 TMBKPRPP                         ff9d3320 JANNEY3P
ff9f41d0 TOBMJ01P                         ff9d3730 CAREY3P
ff9ccf10 TOCCHET3P                        ff9d3b40 hp_haeger
ff9fd5f0 TOMMY01Px                        ff9d3f50 hp_dabel
ffa1ba70 TOPBAR01P                        ff9d4360 hp_tsui
ffa1ae80 TOPICE02P                        ff9d4770 hp_martie
ffa103f0 TORONTO1P                        ff9d4b70 hp_penac
ff9fbdd0 TRADMARKP                        ff9d4f70 hp_rohn
ffa13f70 TRI                              ff9d5380 hp_boon
ffa19030 TSLOGOP                          ff9d5790 hp_davis
ff9f45e0 TSUMJ01P                         ff9d5ba0 hp_baran
ff9fcde0 TURGEON3P                        ff9d5fb0 hp_cox
ff9f49f0 TURMM01P                         ff9d63c0 hp_genti
ff926620 TVBPX                            ff9d67d0 hp_davita
ff926510 TVBP                             ff9d6be0 hp_erlik
ff926af0 TVPATCHX                         ff9d6ff0 hp_ferri
ff9267b0 TVPATCH                          ff9d7400 hp_geer
ff9f4df0 VALTD01P                         ff9d7810 hp_goski
ff9c4210 VANBIES3P                        ff9d7c00 hp_hedric
ffa10500 VANCOU1P                         ff9d8010 hp_hey
ff9c2620 VERNON3P                         ff9d8410 hp_lynch
ffa04e60 VIDEOSP                          ff9d8820 hp_micich
ff9f5200 VINMM01P                         ff9d8c30 hp_pesin
UNDEFED  VOLUME_SET                       ff9d9040 hp_tiana
ff994010 WARBELF1                         ff9d9450 hp_tobias
ffa10700 WASHING1P                        ff9d9860 hp_vini
UNDEFED  WAVEDISPS                        ff9d9c60 hp_waldr
ff9d1720 WEIGHT3P                         ff9da060 hp_booty
ffa17410 WESTFLGP                         ff9da460 hp_barber
ffa05790 WHAM2P                           ff9da860 hp_carlto
01001080 WHITE_FLAG                       ff9dac70 hp_dassal
ff9f5610 WILMK01P                         ff9db060 hp_eddie
ffa10910 WINNPEGP                         ff9db470 FAUJP
ff9f5a20 WLDMM01P                         ff9db880 hp_fedb
UNDEFED  WORLDX                           ff9dbc90 hp_fednj
ff9f5e30 WOSMC01P                         ff9dc0a0 hp_gay
ff9c2a20 WREGGET3P                        ff9dc4b0 hp_greene
ff9c01e0 YASHIN3P                         ff9dc8c0 hp_haejh
ff9c8690 YZERMAN2P                        ff9dccd0 hp_jarvis
UNDEFED  YZSORT                           ff9dd0e0 hp_keen
ff9d2f40 ZALAPSK3P                        ff9dd4f0 hp_lafred
ff9b6070 ZAP0002P                         ff9dd900 hp_lasko
ff9f6230 ZBDMD01P                         ff9ddd00 hp_lich
ff9d0b40 ZHAMNOV3P                        ff9de110 hp_macie
ff915610 add_speech_sound_or_time         ff9de510 hp_man
ff915630 add_speech_sound                 ff9de910 hp_mdavis
ff915690 add_speech_time                  ff9ded20 hp_medni
ffa0d4f0 arrb_pal                         ff9df130 hp_new
ffa0d710 arrg_pal                         ff9df540 hp_ocean
ffa0d3e0 arrp_pal                         ff9df940 hp_oursle
ffa0d600 arry_pal                         ff9dfd50 hp_rohnj
ff909ec0 build_whitepal                   ff9e0160 hp_simsn
ff9135f0 cancel_track_sound               ff9e0570 hp_skiles
011233b0 crowd_track                      ff9e0980 hp_tianar
01123360 current_tune                     ff9e0d90 hp_turm
ff9176e0 dir_to_1357                      ff9e11a0 hp_wos
ff916f20 dir_to_182                       ff9e15b0 hp_valah
ff917c70 dir_to_18                        ff9e19c0 hp_zab
ff918280 dir_to_degrees                   ff9e1dd0 hp_lowe
ff912830 do_sound_at_volume               ff9e21e0 hp_metk
ff912930 do_sound                         ff9e25f0 hp_bob
ffa1ca70 ducks2p                          ff9e2a00 hp_coo
ff918c50 find_angle_difference            ff9e2e10 hp_correl
ff919430 find_cdist_angle                 ff9e3220 hp_sha
ff919090 find_closest_dist_r              ff9e3630 hp_wil
ff918da0 find_closest_distance_1o         ff9e3a30 hp_ship
ff918f20 find_closest_distance            ff9e3e30 hp_scott
ff917140 find_dir_to_point_18             ff9e4240 hp_beach
ff918200 find_dir_to_point                ff9e4650 hp_foley
ff918240 find_dirdis_to_point             ff9e4a60 hp_strong
ff916b50 find_dis_to_point_whole          ff9e4e70 hp_cooney
ff916cb0 find_dsquared_to_point_whole     ff9e5280 hp_cohen
ff916df0 find_dsquared_to_point_whole_a1  ff9e5690 hp_daley
ff9032e0 fws_table                        ff9e5aa0 hp_johnsn
UNDEFED  game_frozen                      ff9e5eb0 hp_peter
ff915bb0 get_correct_y_velocity           ff9e62c0 hp_tomson
ff915430 get_speech_time_remaining        ff9e66d0 HP_HAEGOL
ff9134a0 get_track_time                   ff9e6ae0 BARMS01P
ff913690 get_track_volume                 ff9e6ef0 BARMT01P
UNDEFED  hot_player                       ff9e7300 BOBMC01P
ff964fe0 hp_Cassel                        ff9e7710 BOOME01P
ff967000 hp_andrey                        ff9e7b20 BOOMM01P
ff9a7910 hp_arnot                         ff9e7f30 CARMJ01P
ff9d5ba0 hp_baran                         ff9e8340 COOMS01P
ff9da460 hp_barber                        ff9e8750 CORMS01P
ff9e4240 hp_beach                         ff9e8b60 COXMP01P
ff99f890 hp_belan                         ff9e8f70 DABMB01P
ff9e25f0 hp_bob                           ff9e9380 DAVMM01P
ff9af000 hp_bodger                        ff9e9790 DAVMW01P
ff960fa0 hp_bondra                        ff9e9ba0 DEVMS01P
ff9a9fb0 hp_bonk                          ff9e9fa0 EDDMB01P
ff9d5380 hp_boon                          ff9ea3b0 ERLMN01P
ff9da060 hp_booty                         ff9ea7c0 FAUMJ01P
ff98c200 hp_bourqu                        ff9eabd0 FDNMJ01P
ff98b1f0 hp_bradle                        ff9eafe0 FEDMB01P
ff98a1e0 hp_bridam                        ff9eb3f0 FERME01P
ff969020 hp_bure                          ff9eb800 GAYMR01P
ff9da860 hp_carlto                        ff9ebc10 GEEME01P
ff9881c0 hp_chelio                        ff9ec020 GENMJ01P
ff994fe0 hp_cicc                          ff9ec430 GOSMT01P
ff961fb0 hp_clark                         ff9ec840 GRBMJ01P
ff995ff0 hp_coff                          ff9ecc50 JACKM01P
ff9e5280 hp_cohen                         ff9ed030 HAEMJH01P
ff9e2a00 hp_coo                           ff9ed440 HEDMJ01P
ff9e4e70 hp_cooney                        ff9ed850 HEYMJ01P
ff997000 hp_cork                          ff9edc60 JARME01P
ff9e2e10 hp_correl                        ff9ee070 KEEME01P
ff9861a0 hp_corson                        ff9ee480 LASMA01P
ff9a08a0 hp_cote                          ff9ee890 LICMA01P
ff9d5fb0 hp_cox                           ff9eeca0 LOFMM01P
ff9d3f50 hp_dabel                         ff9ef0b0 LOWMJ01P
ff9871b0 hp_dahlen                        ff9ef4c0 LYNMM01P
ff965ff0 hp_daigle                        ff9ef8d0 MANML01P
ff9e5690 hp_daley                         ff9efce0 MARMM01P
ff98d210 hp_dampho                        ff9f00f0 MECMR01P
ff9dac70 hp_dassal                        ff9f0500 MEDMK01P
ff9d5790 hp_davis                         ff9f0910 METMT01P
ff9d67d0 hp_davita                        ff9f0d20 MICMD01P
ff9b3040 hp_desjar                        ff9f1130 NEWMJ01P
ff9db060 hp_eddie                         ff9f1540 OCEMM01P
ff9d6be0 hp_erlik                         ff9f1950 OURMS02P
ff9db880 hp_fedb                          ff9f1d60 PDSMA01P
ff97d110 hp_federo                        ff9f2170 PENMM01P
ff9dbc90 hp_fednj                         ff9f2580 PESMC01P
ff9a18b0 hp_ferr                          ff9f2990 ROHMJ01P
ff9d6ff0 hp_ferri                         ff9f2da0 ROHMM01P
ff96b040 hp_fleury                        ff9f31b0 SHIMG01P
ff9e4650 hp_foley                         ff9f35c0 SIMMJ01P
ff9a6900 hp_gagner                        ff9f39c0 TIAMA01P
ff9dc0a0 hp_gay                           ff9f3dc0 TIAMJ01P
ff9d7400 hp_geer                          ff9f41d0 TOBMJ01P
ff9d63c0 hp_genti                         ff9f45e0 TSUMJ01P
ff97e120 hp_gilmor                        ff9f49f0 TURMM01P
ff9d7810 hp_goski                         ff9f4df0 VALTD01P
ff9dc4b0 hp_greene                        ff9f5200 VINMM01P
ff96c050 hp_gretzk                        ff9f5610 WILMK01P
ff9d3b40 hp_haeger                        ff9f5a20 WLDMM01P
ff9dc8c0 hp_haejh                         ff9f5e30 WOSMC01P
ff9a48e0 hp_hamrli                        ff9f6230 ZBDMD01P
ff96e070 hp_hatchp                        ff9f6640 SHAMR01P
ff998010 hp_hawer                         ff9f6a50 HEATHE01P
ff9d7c00 hp_hedric                        ff9f6e40 REBECC01P
ff9d8010 hp_hey                           ff9f7220 MATM101P
ff9acfe0 hp_housle                        ff9f7630 PATM101P
ff980140 hp_hull                          ff9f7a40 SIDM101P
ff98e220 hp_jagr                          ff9f7e50 JNCMA01P
ff9b4050 hp_janney                        ff9f8250 KEVM101P
ff9dccd0 hp_jarvis                        ff9f8660 JOHMJ01P
ff9e5aa0 hp_johnsn                        ff9f8a70 PETMJ01P
ff95ef80 hp_juneu                         ff9f8e80 THOMD01P
ff983170 hp_kariya                        ff9f9280 HOWE3P
ff9dd0e0 hp_keen                          ff9f9490 EVILM01P
ff9adff0 hp_king                          ff9f98a0 SKILESXP
ff962fc0 hp_klima                         ff9f9cb0 STAN128a
ff985190 hp_kravch                        ff9fa4c0 GFONT10CP
ff9b5060 hp_ksteve                        ff9fa590 FLASHP
ff982160 hp_kurri                         ff9fa980 FRAME3
ff984180 hp_kurver                        ff9faab0 PIPESP
ff98f060 hp_lafont                        ff9fabb0 FBOOM1
ff9dd4f0 hp_lafred                        ff9fadc0 CIRCLERP
ff9dd900 hp_lasko                         ff9fbdd0 TRADMARKP
ff999020 hp_leetch                        ff9fcde0 TURGEON3P
ff99e070 hp_lemuie                        ff9fd5f0 TOMMY01Px
ff9ddd00 hp_lich                          ff9fd9e0 OSGOOD3P
ff96a030 hp_linden                        ff9fddf0 FUHR3P
ff990070 hp_lindro                        ff9fe1f0 SASP1F01P
ff9e1dd0 hp_lowe                          ff9fe9e0 HAFI1F01P
ff9d8410 hp_lynch                         ff9ff1f0 STNCMP03P
ff9de110 hp_macie                         ff9ff9f0 HCLIPF01P
ff9b1020 hp_makarv                        ffa001e0 SNUM01P
ff9de510 hp_man                           ffa009b0 SDAN2p
ff9aafc0 hp_mario                         ffa011b0 LCHEER01P
ff9d4770 hp_martie                        ffa021a0 HBIGG01P
ff991080 hp_mclean                        ffa029b0 SBIGG01P
ff9de910 hp_mdavis                        ffa031b0 STANCUP2P
ff9ded20 hp_medni                         ffa041b0 STANTYPEP
ff9720b0 hp_mellan                        ffa04e60 VIDEOSP
ff9730c0 hp_messie                        ffa04f70 CGRP1P
ff9e21e0 hp_metk                          ffa05380 SHAT2B01P
ff9d8820 hp_micich                        ffa05790 WHAM2P
ff970090 hp_modano                        ffa059a0 SAG10001P
ff9740d0 hp_mogily                        ffa061b0 HFIREB01P
ff95ff90 hp_muller                        ffa069c0 SMSOI01P
ff9750e0 hp_murphy                        ffa071d0 HITICEP
ff9760f0 hp_neely                         ffa079c0 SPRAY106P
ff977100 hp_neved                         ffa07bd0 PCKSCRN2P
ff9df130 hp_new                           ffa07fe0 trailp
ff968010 hp_nichol                        ffa08010 SMBRST01P
ff9abfd0 hp_niewe                         ffa083d0 ALLBORD5
ff9a38d0 hp_oats                          ffa093c0 PLAYBEN1x
ff9df540 hp_ocean                         ffa0a320 CHICORN1
ff9df940 hp_oursle                        ffa0b2b0 SPRAY1p
ff9710a0 hp_ozolin                        ffa0b370 BGBRSTP
ff9d4b70 hp_penac                         ffa0c310 FRAG01P
ff9d8c30 hp_pesin                         ffa0c720 HAD16F01P
ff9e5eb0 hp_peter                         ffa0cf20 NEWGORD2
ff9b2030 hp_plant                         ffa0d060 DISCLAI2P
ff963fd0 hp_recchi                        ffa0d170 COOLGP16
ff99e880 hp_renber                        ffa0d280 FONTGRYP
ff9891d0 hp_richer                        ffa0d3e0 arrp_pal
ff978110 hp_robati                        ffa0d4f0 arrb_pal
ff992090 hp_roenic                        ffa0d600 arry_pal
ff9d4f70 hp_rohn                          ffa0d710 arrg_pal
ff9dfd50 hp_rohnj                         ffa0d820 scorep
ff979120 hp_sakic                         ffa0d8c0 KCITYP
ff97a130 hp_sandrs                        ffa0d9d0 BLCKHWK2P
ff99d060 hp_savard                        ffa0dde0 KINGS3P
ff9e3e30 hp_scott                         ffa0dff0 ANAHEIM1P
ff981150 hp_selan                         ffa0e200 BOSTON1P
ff97f130 hp_shanah                        ffa0e410 BUFFALO1P
ff9e3220 hp_sha                           ffa0e620 CALGARY1P
ff9e3a30 hp_ship                          ffa0e830 DALLAS1P
ff9e0160 hp_simsn                         ffa0ea30 DETROIT1P
ff9e0570 hp_skiles                        ffa0eb40 EDMONTO1P
ff9b0010 hp_steve                         ffa0ed50 FLORIDA4P
ff9e4a60 hp_strong                        ffa0f160 HARTFOR1P
ff99a030 hp_sundin                        ffa0f370 MONTREA1P
ff97b140 hp_thomas                        ffa0f580 NEWJER1P
ff9d9040 hp_tiana                         ffa0f790 NWYRKIS1P
ff9e0980 hp_tianar                        ffa0f9a0 NWYRKRA1P
ff99b040 hp_tikka                         ffa0fab0 OTTAWA1P
ff96d060 hp_tkachk                        ffa0fcc0 PHILADE1P
ff9d9450 hp_tobias                        ffa0fdd0 PITSBRG1P
ff99c050 hp_tocc                          ffa0ffe0 SANJOSE1P
ff9e62c0 hp_tomson                        ffa101e0 STLOUIS1P
ff9d4360 hp_tsui                          ffa103f0 TORONTO1P
ff9a8fa0 hp_turgeo                        ffa10500 VANCOU1P
ff9e0d90 hp_turm                          ffa10700 WASHING1P
ff9e15b0 hp_valah                         ffa10910 WINNPEGP
ff9d9860 hp_vini                          ffa10a20 TAMPA1P
ff9d9c60 hp_waldr                         ffa10c30 shad_p
ff9a28c0 hp_weight                        ffa10c60 NEWBARx3
ff9e3630 hp_wil                           ffa10d40 HOTNUM1
ff9e11a0 hp_wos                           ffa10dd0 NAMEBARP
ff97c100 hp_yashin                        ffa110e0 NAMEBAR2P
ff96f080 hp_yzermn                        ffa113f0 GRYTRBOP
ff9e19c0 hp_zab                           ffa11440 NMPUCK01P
ff9a7f90 hp_zham                          ffa11c50 PUCKPNT1P
01123390 ice_skate_track                  ffa11d40 GOALP
ff915070 init_speech_buffer               ffa12550 GFLM1P
ff903600 invscale_table                   ffa13440 GFLM2P
ff911fc0 kill_all_but_speech_tune         ffa13c50 CYCLEGLP3
ff912120 kill_all_sound_but_speech        ffa13d60 PLYRBXP
ff912160 kill_all_sound                   ffa13f70 TRI
01123350 last_track_used                  ffa14020 GNUMS
UNDEFED  minutes                          ffa14050 PLAYERP
ff918b60 move_to_speed_x                  ffa14090 PLAYERN
ffa18f40 onecolor                         ffa140d0 PLYRBCK2P
011233a0 organ_track                      ffa144e0 POSITP
UNDEFED  period                           ffa14510 GHLM5AP
ff916370 polar_to_rect                    ffa14d20 CITYP
ff918400 predict_obj                      ffa14d60 SCOREBAR
01123380 puck_bounce_track                ffa15140 OPICESM4P
01123370 puck_ice_track                   ffa16110 JITTERP
01123740 raw_sound_buffer                 ffa16350 PERIODP
011275c0 raw_sound_pointer                ffa16470 SCORESP
ff9164a0 rect_to_dir                      ffa16560 LEDSP
ff916530 rect_to_polar                    ffa16670 FLOATRCP
UNDEFED  rink_on                          ffa16780 GRYBLOCKP
ffa0d820 scorep                           ffa16ae0 HELPBK2P
UNDEFED  seconds                          ffa16b10 INSTRUCP
ff913830 send_track_volume                ffa16ba0 TMBKPRPP
ff912400 set_background_tune              ffa16cb0 TEAMBX1P
ff9123c0 set_game_over_tune               ffa16ef0 SLVFRM07P
ff912380 set_intermission_tune            ffa17250 CITYPURPP
ff9184e0 set_obj_to_polar_p               ffa17330 CITYBLUEP
ff918870 set_obj_to_polar_v               ffa17410 WESTFLGP
ff9189c0 set_obj_to_polar                 ffa17c20 EASTFLGP
ff918a90 set_obj_to_rect                  ffa18430 PCKCRDXP
ff9123e0 set_select_tune                  ffa18930 METALP
ff913430 set_track_priority               ffa18a40 METBEV2P
ff913510 set_track_time                   ffa18c50 MARKSP
ff913700 set_track_volume                 ffa18e60 JOININP
ff912600 set_tune_a0_safe                 ffa18ea0 FREEBOXP
ff912730 set_tune_a0                      ffa18f40 onecolor
ffa10c30 shad_p                           ffa18f70 BARPAL0
UNDEFED  small_timer_on                   ffa19030 TSLOGOP
ff913900 sound_exec                       ffa1a040 DISCLAIMP
ff913b10 speech_irq                       ffa1a150 NHLPALGOP
ff919bf0 string_center_constant           ffa1a560 NHLLOGO4P
ff919b10 string_left_constant             ffa1a970 SPARKP
ff919cd0 string_right_constant            ffa1aa30 STAR301P
UNDEFED  team1_score                      ffa1ae80 TOPICE02P
UNDEFED  team2_score                      ffa1b280 HORBAR01P
UNDEFED  tenseconds                       ffa1ba70 TOPBAR01P
UNDEFED  tenths                           ffa1c270 STANLY01P
011231f0 track_0_last                     ffa1c670 OCTOP01P
011231d0 track_0_pri                      ffa1ca70 ducks2p
011231e0 track_0_time                     ffa1cc80 BGFOLEY1P
01123200 track_0_volume                   ffa1d490 LTS0001P
01123230 track_1_last                     ffa1d7d0 BXLT01P
01123210 track_1_pri                      ffa1d990 BLOGO101P
01123220 track_1_time                     ffa1e180 BLOGO201P
01123240 track_1_volume                   ffa1e990 BCOLOmsk1
01123270 track_2_last                     ffa1f660 SPRTEXP
01123250 track_2_pri                      ffa1fa70 COACHP
01123260 track_2_time                     ffa20280 CLPWHST1P
01123280 track_2_volume                   ffa20a80 CPLAY1P
011232b0 track_3_last                     ffa20b90 CSTICK1P
01123290 track_3_pri                      ffa20fa0 COILOGO1P
011232a0 track_3_time                     ffa213b0 FRAMEA04P
011232c0 track_3_volume                   ffa21bc0 BLUBARA2P
011232f0 track_4_last                     ffa22200 REDBAR2P
011232d0 track_4_pri                      ffa22960 FLASHA01P
011232e0 track_4_time                     ffa23170 COLORAD2P
01123300 track_4_volume                   UNDEFED  PUCK_INTENDED
01123330 track_5_last                     UNDEFED  INSOBJ
01123310 track_5_pri                      UNDEFED  CREATE_OBJ
01123320 track_5_time                     UNDEFED  small_timer_on
01123340 track_5_volume                   UNDEFED  tenseconds
ffa07fe0 trailp                           UNDEFED  tenths
011233c0 tune_address_1                   UNDEFED  GET_AUD
011233e0 tune_address_2                   UNDEFED  team1_score
01123400 tune_address_3                   UNDEFED  SKYCOLOR
01123420 tune_address_4                   UNDEFED  IRQSKYE
01123440 tune_address_5                   UNDEFED  OINIT
ff8e6dc0 xscale_table                     UNDEFED  SUPPLSTSX
00024b80 xzy_offset                       UNDEFED  CURPLYRS
ff8523a0 zscale_100_100_table             UNDEFED  ADD_DUMP
ff856540 zscale_100_102_table             UNDEFED  QDMAN
ff85a6e0 zscale_100_104_table             UNDEFED  COLRTEMP
ff821020 zscale_100_106_table             UNDEFED  rink_on
ff84e200 zscale_100_96_table              UNDEFED  RAND
ff81ce80 zscale_100_98_table              UNDEFED  PULL_ANIM
ff82d500 zscale_102_100_table             UNDEFED  STRT_ANIM
ff8316a0 zscale_102_102_table             UNDEFED  minutes
ff8251c0 zscale_102_96_table              UNDEFED  seconds
ff829360 zscale_102_97_table              UNDEFED  team2_score
ff862a20 zscale_104_100_table             UNDEFED  GAMERASE
ff866bc0 zscale_104_102_table             UNDEFED  DISPLAYON
ff86ad60 zscale_104_104_table             UNDEFED  IAUTOE
ff835840 zscale_104_106_table             UNDEFED  F_ADC_S
ff85e880 zscale_104_98_table              UNDEFED  VOLUME_SET
ff86ef00 zscale_106_102_table             UNDEFED  ANI
ff8730a0 zscale_106_104_table             UNDEFED  DICT_LOOKUP
ff877240 zscale_108_100_table             UNDEFED  PUT_ADJ
ff87b3e0 zscale_108_102_table             UNDEFED  COPY_OBJ
ff87f580 zscale_108_104_table             UNDEFED  period
ff883720 zscale_108_106_table             UNDEFED  SOUNDSUP
ff8878c0 zscale_119_119_table             UNDEFED  PUCK_MODE
ff897f40 zscale_130_107_table             UNDEFED  GANIOF
ff89c0e0 zscale_130_130_table             UNDEFED  hot_player
ff8b0900 zscale_150_55_table              UNDEFED  WORLDX
ff8a0280 zscale_160_130_table             UNDEFED  SW2TEMP1
ff8b4aa0 zscale_200_200_table             UNDEFED  GET_SCALED_SIZE
ff8a85c0 zscale_43_43_table               UNDEFED  KILOBJ_ALL
ff88ba60 zscale_50_50_table               UNDEFED  SW2TEMP2
ff8ac760 zscale_52_43_table               UNDEFED  GET_ADJ
ff88fc00 zscale_55_55_table               UNDEFED  PALRAM
ff893da0 zscale_65_53_table               UNDEFED  INSPART
ff8a4420 zscale_70_60_table               UNDEFED  FPALRAM
ff800320 zscale_80_68_table               UNDEFED  BLACKOUT
ff808660 zscale_82_90_table               UNDEFED  GETAFARG_LONG
ff8044c0 zscale_84_77_table               UNDEFED  SUPPLSTS
ff80c800 zscale_90_90_table               UNDEFED  AUD1
ff8109a0 zscale_90_94_table               UNDEFED  WAVEDISPS
ff818ce0 zscale_96_106_table              UNDEFED  TIMEINT
ff814b40 zscale_96_96_table               UNDEFED  ANIMP
ff841d20 zscale_98_100_table              UNDEFED  GAME_STATE
ff845ec0 zscale_98_102_table              UNDEFED  game_frozen
ff84a060 zscale_98_104_table              UNDEFED  YZSORT
ff8399e0 zscale_98_96_table               UNDEFED  GETOBJ
ff83db80 zscale_98_98_table               UNDEFED  INVELADD
ff8c2240 zybase_table                     UNDEFED  QDMAN2

[964 symbols]
